<html>
<body>
<pre>
<h1>µVision Build Log</h1>
<h2>Tool Versions:</h2>
IDE-Version: µVision V5.18a
Copyright (C) 2016 ARM Ltd and ARM Germany GmbH. All rights reserved.
License Information: Aurelio Siordia, Servicios SS, LIC=----
 
Tool Versions:
Toolchain:       MDK-Lite  Version: 5.18a
Toolchain Path:  C:\Keil_v5\ARM\ARMCC\Bin
C Compiler:      Armcc.exe V5.06 update 1 (build 61)
Assembler:       Armasm.exe V5.06 update 1 (build 61)
Linker/Locator:  ArmLink.exe V5.06 update 1 (build 61)
Library Manager: ArmAr.exe V5.06 update 1 (build 61)
Hex Converter:   FromElf.exe V5.06 update 1 (build 61)
CPU DLL:         SARMCM3.DLL V5.18a
Dialog DLL:      DCM.DLL V1.13.6.0
Target DLL:      STLink\ST-LINKIII-KEIL_SWO.dll V2.0.18.0
Dialog DLL:      TCM.DLL V1.14.8.0
 
<h2>Project:</h2>
C:\STM32_Toolchain\workspace\uSd_Card\uSDCard_STM32F7\MDK-ARM\uSd_Card_v0.02.uvprojx
Project File Date:  12/24/2016

<h2>Output:</h2>
*** Using Compiler 'V5.06 update 1 (build 61)', folder: 'C:\Keil_v5\ARM\ARMCC\Bin'
Rebuild target 'uSd_Card_v0.02'
assembling startup_stm32f746xx.s...
compiling system_stm32f7xx.c...
compiling stm32f7xx_hal_tim_ex.c...
compiling stm32f7xx_hal_rtc.c...
compiling stm32f7xx_hal_tim.c...
compiling stm32f7xx_hal_rcc.c...
compiling stm32f7xx_hal_sd.c...
compiling stm32f7xx_hal_rcc_ex.c...
compiling stm32f7xx_hal_dma_ex.c...
compiling stm32f7xx_hal_pwr.c...
compiling stm32f7xx_hal_gpio.c...
compiling stm32f7xx_hal_dma.c...
compiling stm32f7xx_hal_flash.c...
compiling stm32f7xx_hal_rtc_ex.c...
compiling stm32f7xx_hal.c...
compiling stm32f7xx_hal_cortex.c...
compiling stm32f7xx_ll_sdmmc.c...
compiling stm32f7xx_hal_flash_ex.c...
compiling stm32f7xx_hal_pwr_ex.c...
compiling stm32f7xx_hal_i2c.c...
compiling stm32f7xx_hal_dma2d.c...
compiling stm32f7xx_hal_i2c_ex.c...
compiling stm32f7xx_hal_ltdc.c...
compiling stm32f7xx_hal_spi.c...
compiling stm32f7xx_hal_uart.c...
compiling stm32f7xx_hal_sdram.c...
compiling stm32f7xx_ll_fmc.c...
compiling sd_diskio.c...
compiling diskio.c...
compiling syscall.c...
compiling ff.c...
compiling ff_gen_drv.c...
compiling stm32f7xx_it.c...
compiling fatfs.c...
compiling main.c...
compiling stm32f7xx_hal_msp.c...
compiling bsp_driver_sd.c...
compiling Imagenes.c...
compiling stm32746g_discovery.c...
compiling stm32746g_discovery_lcd.c...
compiling stm32746g_discovery_sdram.c...
compiling ft5336.c...
compiling stm32746g_discovery_ts.c...
linking...
Program Size: Code=22106 RO-data=7538 RW-data=112 ZI-data=197984  
"uSd_Card_v0.02\uSd_Card_v0.02" - 0 Error(s), 0 Warning(s).

<h2>Software Packages used:</h2>

Package Vendor: ARM
                http://www.keil.com/pack/ARM.CMSIS.5.0.0-Beta4.pack
                ARM::CMSIS:CORE:5.0.0
                CMSIS (Cortex Microcontroller Software Interface Standard)
   * Component: CORE Version: 5.0.0

<h2>Collection of Component include folders:</h2>
  C:\STM32_Toolchain\workspace\uSd_Card\uSDCard_STM32F7\MDK-ARM\RTE
  C:\Keil_v5\ARM\PACK\ARM\CMSIS\5.0.0-Beta4\CMSIS\Include
  C:\Keil_v5\ARM\PACK\Keil\STM32F7xx_DFP\2.7.0\Drivers\CMSIS\Device\ST\STM32F7xx\Include

<h2>Collection of Component Files used:</h2>

   * Component: ARM::CMSIS:CORE:5.0.0
Build Time Elapsed:  00:02:32
</pre>
</body>
</html>
