Component: ARM Compiler 5.06 update 1 (build 61) Tool: armlink [4d35a8]

==============================================================================

Section Cross References

    startup_stm32f746xx.o(RESET) refers to startup_stm32f746xx.o(STACK) for __initial_sp
    startup_stm32f746xx.o(RESET) refers to startup_stm32f746xx.o(.text) for Reset_Handler
    startup_stm32f746xx.o(RESET) refers to stm32f7xx_it.o(i.SysTick_Handler) for SysTick_Handler
    startup_stm32f746xx.o(RESET) refers to stm32f7xx_it.o(i.RCC_IRQHandler) for RCC_IRQHandler
    startup_stm32f746xx.o(RESET) refers to stm32f7xx_it.o(i.EXTI15_10_IRQHandler) for EXTI15_10_IRQHandler
    startup_stm32f746xx.o(.text) refers to system_stm32f7xx.o(i.SystemInit) for SystemInit
    startup_stm32f746xx.o(.text) refers to entry.o(.ARM.Collect$$$$00000000) for __main
    system_stm32f7xx.o(i.SystemCoreClockUpdate) refers to system_stm32f7xx.o(.data) for .data
    system_stm32f7xx.o(i.SystemCoreClockUpdate) refers to system_stm32f7xx.o(.constdata) for .constdata
    stm32f7xx_hal_rcc.o(i.HAL_RCC_ClockConfig) refers to stm32f7xx_hal.o(i.HAL_GetTick) for HAL_GetTick
    stm32f7xx_hal_rcc.o(i.HAL_RCC_ClockConfig) refers to stm32f7xx_hal.o(i.HAL_InitTick) for HAL_InitTick
    stm32f7xx_hal_rcc.o(i.HAL_RCC_GetHCLKFreq) refers to stm32f7xx_hal_rcc.o(i.HAL_RCC_GetSysClockFreq) for HAL_RCC_GetSysClockFreq
    stm32f7xx_hal_rcc.o(i.HAL_RCC_GetHCLKFreq) refers to system_stm32f7xx.o(.data) for SystemCoreClock
    stm32f7xx_hal_rcc.o(i.HAL_RCC_GetHCLKFreq) refers to stm32f7xx_hal_rcc.o(.constdata) for .constdata
    stm32f7xx_hal_rcc.o(i.HAL_RCC_GetPCLK1Freq) refers to stm32f7xx_hal_rcc.o(i.HAL_RCC_GetHCLKFreq) for HAL_RCC_GetHCLKFreq
    stm32f7xx_hal_rcc.o(i.HAL_RCC_GetPCLK1Freq) refers to stm32f7xx_hal_rcc.o(.constdata) for .constdata
    stm32f7xx_hal_rcc.o(i.HAL_RCC_GetPCLK2Freq) refers to stm32f7xx_hal_rcc.o(i.HAL_RCC_GetHCLKFreq) for HAL_RCC_GetHCLKFreq
    stm32f7xx_hal_rcc.o(i.HAL_RCC_GetPCLK2Freq) refers to stm32f7xx_hal_rcc.o(.constdata) for .constdata
    stm32f7xx_hal_rcc.o(i.HAL_RCC_MCOConfig) refers to stm32f7xx_hal_gpio.o(i.HAL_GPIO_Init) for HAL_GPIO_Init
    stm32f7xx_hal_rcc.o(i.HAL_RCC_NMI_IRQHandler) refers to stm32f7xx_hal_rcc.o(i.HAL_RCC_CSSCallback) for HAL_RCC_CSSCallback
    stm32f7xx_hal_rcc.o(i.HAL_RCC_OscConfig) refers to stm32f7xx_hal.o(i.HAL_GetTick) for HAL_GetTick
    stm32f7xx_hal_sd.o(i.HAL_SD_CheckReadOperation) refers to stm32f7xx_hal_sd.o(i.HAL_SD_StopTransfer) for HAL_SD_StopTransfer
    stm32f7xx_hal_sd.o(i.HAL_SD_CheckWriteOperation) refers to stm32f7xx_hal_sd.o(i.HAL_SD_StopTransfer) for HAL_SD_StopTransfer
    stm32f7xx_hal_sd.o(i.HAL_SD_CheckWriteOperation) refers to stm32f7xx_hal_sd.o(i.HAL_SD_GetStatus) for HAL_SD_GetStatus
    stm32f7xx_hal_sd.o(i.HAL_SD_DeInit) refers to stm32f7xx_ll_sdmmc.o(i.SDMMC_PowerState_OFF) for SDMMC_PowerState_OFF
    stm32f7xx_hal_sd.o(i.HAL_SD_DeInit) refers to stm32f7xx_hal_msp.o(i.HAL_SD_MspDeInit) for HAL_SD_MspDeInit
    stm32f7xx_hal_sd.o(i.HAL_SD_Erase) refers to stm32f7xx_ll_sdmmc.o(i.SDMMC_GetResponse) for SDMMC_GetResponse
    stm32f7xx_hal_sd.o(i.HAL_SD_Erase) refers to stm32f7xx_ll_sdmmc.o(i.SDMMC_SendCommand) for SDMMC_SendCommand
    stm32f7xx_hal_sd.o(i.HAL_SD_Erase) refers to stm32f7xx_hal_sd.o(i.SD_CmdResp1Error) for SD_CmdResp1Error
    stm32f7xx_hal_sd.o(i.HAL_SD_Erase) refers to stm32f7xx_hal_sd.o(i.SD_IsCardProgramming) for SD_IsCardProgramming
    stm32f7xx_hal_sd.o(i.HAL_SD_GetCardStatus) refers to stm32f7xx_hal_sd.o(i.HAL_SD_SendSDStatus) for HAL_SD_SendSDStatus
    stm32f7xx_hal_sd.o(i.HAL_SD_GetStatus) refers to stm32f7xx_ll_sdmmc.o(i.SDMMC_SendCommand) for SDMMC_SendCommand
    stm32f7xx_hal_sd.o(i.HAL_SD_GetStatus) refers to stm32f7xx_hal_sd.o(i.SD_CmdResp1Error) for SD_CmdResp1Error
    stm32f7xx_hal_sd.o(i.HAL_SD_GetStatus) refers to stm32f7xx_ll_sdmmc.o(i.SDMMC_GetResponse) for SDMMC_GetResponse
    stm32f7xx_hal_sd.o(i.HAL_SD_HighSpeed) refers to memseta.o(.text) for __aeabi_memclr4
    stm32f7xx_hal_sd.o(i.HAL_SD_HighSpeed) refers to stm32f7xx_hal_sd.o(i.SD_FindSCR) for SD_FindSCR
    stm32f7xx_hal_sd.o(i.HAL_SD_HighSpeed) refers to stm32f7xx_ll_sdmmc.o(i.SDMMC_SendCommand) for SDMMC_SendCommand
    stm32f7xx_hal_sd.o(i.HAL_SD_HighSpeed) refers to stm32f7xx_hal_sd.o(i.SD_CmdResp1Error) for SD_CmdResp1Error
    stm32f7xx_hal_sd.o(i.HAL_SD_HighSpeed) refers to stm32f7xx_ll_sdmmc.o(i.SDMMC_DataConfig) for SDMMC_DataConfig
    stm32f7xx_hal_sd.o(i.HAL_SD_HighSpeed) refers to stm32f7xx_ll_sdmmc.o(i.SDMMC_ReadFIFO) for SDMMC_ReadFIFO
    stm32f7xx_hal_sd.o(i.HAL_SD_IRQHandler) refers to stm32f7xx_hal_sd.o(i.HAL_SD_XferCpltCallback) for HAL_SD_XferCpltCallback
    stm32f7xx_hal_sd.o(i.HAL_SD_IRQHandler) refers to stm32f7xx_hal_sd.o(i.HAL_SD_XferErrorCallback) for HAL_SD_XferErrorCallback
    stm32f7xx_hal_sd.o(i.HAL_SD_Init) refers to stm32f7xx_hal_msp.o(i.HAL_SD_MspInit) for HAL_SD_MspInit
[...]
    i.BSP_SDRAM_MspInit                      0x08000934   Section        0  stm32746g_discovery_sdram.o(i.BSP_SDRAM_MspInit)
    i.BSP_SD_GetCardInfo                     0x08000a98   Section        0  bsp_driver_sd.o(i.BSP_SD_GetCardInfo)
    i.BSP_SD_GetStatus                       0x08000aa4   Section        0  bsp_driver_sd.o(i.BSP_SD_GetStatus)
    i.BSP_SD_Init                            0x08000ab0   Section        0  bsp_driver_sd.o(i.BSP_SD_Init)
    i.BSP_SD_ReadBlocks                      0x08000ad8   Section        0  bsp_driver_sd.o(i.BSP_SD_ReadBlocks)
    i.BSP_SD_WriteBlocks                     0x08000af8   Section        0  bsp_driver_sd.o(i.BSP_SD_WriteBlocks)
    i.BSP_TS_GetState                        0x08000b18   Section        0  stm32746g_discovery_ts.o(i.BSP_TS_GetState)
    i.BSP_TS_Get_GestureId                   0x08000c88   Section        0  stm32746g_discovery_ts.o(i.BSP_TS_Get_GestureId)
    i.BSP_TS_ITConfig                        0x08000ce4   Section        0  stm32746g_discovery_ts.o(i.BSP_TS_ITConfig)
    i.BSP_TS_Init                            0x08000d2c   Section        0  stm32746g_discovery_ts.o(i.BSP_TS_Init)
    i.DMA2D_SetConfig                        0x08000d68   Section        0  stm32f7xx_hal_dma2d.o(i.DMA2D_SetConfig)
    DMA2D_SetConfig                          0x08000d69   Thumb Code   140  stm32f7xx_hal_dma2d.o(i.DMA2D_SetConfig)
    i.DMA_CalcBaseAndBitshift                0x08000df4   Section        0  stm32f7xx_hal_dma.o(i.DMA_CalcBaseAndBitshift)
    DMA_CalcBaseAndBitshift                  0x08000df5   Thumb Code    34  stm32f7xx_hal_dma.o(i.DMA_CalcBaseAndBitshift)
    i.EXTI15_10_IRQHandler                   0x08000e1c   Section        0  stm32f7xx_it.o(i.EXTI15_10_IRQHandler)
    i.FATFS_LinkDriver                       0x08000e32   Section        0  ff_gen_drv.o(i.FATFS_LinkDriver)
    i.FATFS_LinkDriverEx                     0x08000e38   Section        0  ff_gen_drv.o(i.FATFS_LinkDriverEx)
    i.FMC_SDRAM_Init                         0x08000e78   Section        0  stm32f7xx_ll_fmc.o(i.FMC_SDRAM_Init)
    i.FMC_SDRAM_ProgramRefreshRate           0x08000ed6   Section        0  stm32f7xx_ll_fmc.o(i.FMC_SDRAM_ProgramRefreshRate)
    i.FMC_SDRAM_SendCommand                  0x08000ee2   Section        0  stm32f7xx_ll_fmc.o(i.FMC_SDRAM_SendCommand)
    i.FMC_SDRAM_Timing_Init                  0x08000f2a   Section        0  stm32f7xx_ll_fmc.o(i.FMC_SDRAM_Timing_Init)
    i.HAL_DMA2D_ConfigLayer                  0x08000fac   Section        0  stm32f7xx_hal_dma2d.o(i.HAL_DMA2D_ConfigLayer)
    i.HAL_DMA2D_Init                         0x0800108c   Section        0  stm32f7xx_hal_dma2d.o(i.HAL_DMA2D_Init)
    i.HAL_DMA2D_MspInit                      0x080010e8   Section        0  stm32f7xx_hal_msp.o(i.HAL_DMA2D_MspInit)
    i.HAL_DMA2D_PollForTransfer              0x08001110   Section        0  stm32f7xx_hal_dma2d.o(i.HAL_DMA2D_PollForTransfer)
    i.HAL_DMA2D_Start                        0x080011ec   Section        0  stm32f7xx_hal_dma2d.o(i.HAL_DMA2D_Start)
    i.HAL_DMA_DeInit                         0x0800122a   Section        0  stm32f7xx_hal_dma.o(i.HAL_DMA_DeInit)
    i.HAL_DMA_Init                           0x08001280   Section        0  stm32f7xx_hal_dma.o(i.HAL_DMA_Init)
    i.HAL_Delay                              0x0800130c   Section        0  stm32f7xx_hal.o(i.HAL_Delay)
    i.HAL_FMC_MspInit                        0x08001324   Section        0  stm32f7xx_hal_msp.o(i.HAL_FMC_MspInit)
    HAL_FMC_MspInit                          0x08001325   Thumb Code   174  stm32f7xx_hal_msp.o(i.HAL_FMC_MspInit)
    i.HAL_GPIO_DeInit                        0x080013f4   Section        0  stm32f7xx_hal_gpio.o(i.HAL_GPIO_DeInit)
    i.HAL_GPIO_EXTI_Callback                 0x08001548   Section        0  stm32f7xx_it.o(i.HAL_GPIO_EXTI_Callback)
    i.HAL_GPIO_EXTI_IRQHandler               0x0800158c   Section        0  stm32f7xx_hal_gpio.o(i.HAL_GPIO_EXTI_IRQHandler)
    i.HAL_GPIO_Init                          0x080015a4   Section        0  stm32f7xx_hal_gpio.o(i.HAL_GPIO_Init)
    i.HAL_GPIO_WritePin                      0x0800177c   Section        0  stm32f7xx_hal_gpio.o(i.HAL_GPIO_WritePin)
    i.HAL_GetTick                            0x08001788   Section        0  stm32f7xx_hal.o(i.HAL_GetTick)
    i.HAL_I2CEx_ConfigAnalogFilter           0x08001794   Section        0  stm32f7xx_hal_i2c_ex.o(i.HAL_I2CEx_ConfigAnalogFilter)
    i.HAL_I2C_DeInit                         0x0800180a   Section        0  stm32f7xx_hal_i2c.o(i.HAL_I2C_DeInit)
    i.HAL_I2C_GetState                       0x08001838   Section        0  stm32f7xx_hal_i2c.o(i.HAL_I2C_GetState)
    i.HAL_I2C_Init                           0x08001840   Section        0  stm32f7xx_hal_i2c.o(i.HAL_I2C_Init)
    i.HAL_I2C_Mem_Read                       0x080018ec   Section        0  stm32f7xx_hal_i2c.o(i.HAL_I2C_Mem_Read)
    i.HAL_I2C_Mem_Write                      0x080019fc   Section        0  stm32f7xx_hal_i2c.o(i.HAL_I2C_Mem_Write)
    i.HAL_I2C_MspDeInit                      0x08001b0c   Section        0  stm32f7xx_hal_msp.o(i.HAL_I2C_MspDeInit)
    i.HAL_I2C_MspInit                        0x08001b38   Section        0  stm32f7xx_hal_msp.o(i.HAL_I2C_MspInit)
    i.HAL_IncTick                            0x08001b80   Section        0  stm32f7xx_hal.o(i.HAL_IncTick)
    i.HAL_Init                               0x08001b90   Section        0  stm32f7xx_hal.o(i.HAL_Init)
    i.HAL_InitTick                           0x08001bb4   Section        0  stm32f7xx_hal.o(i.HAL_InitTick)
    i.HAL_LTDC_ConfigLayer                   0x08001bd6   Section        0  stm32f7xx_hal_ltdc.o(i.HAL_LTDC_ConfigLayer)
    i.HAL_LTDC_GetState                      0x08001c28   Section        0  stm32f7xx_hal_ltdc.o(i.HAL_LTDC_GetState)
    i.HAL_LTDC_Init                          0x08001c30   Section        0  stm32f7xx_hal_ltdc.o(i.HAL_LTDC_Init)
    i.HAL_LTDC_MspInit                       0x08001d30   Section        0  stm32f7xx_hal_msp.o(i.HAL_LTDC_MspInit)
    i.HAL_MspInit                            0x08001e7c   Section        0  stm32f7xx_hal_msp.o(i.HAL_MspInit)
    i.HAL_NVIC_EnableIRQ                     0x08001ea2   Section        0  stm32f7xx_hal_cortex.o(i.HAL_NVIC_EnableIRQ)
    i.HAL_NVIC_SetPriority                   0x08001eb8   Section        0  stm32f7xx_hal_cortex.o(i.HAL_NVIC_SetPriority)
    i.HAL_NVIC_SetPriorityGrouping           0x08001ef8   Section        0  stm32f7xx_hal_cortex.o(i.HAL_NVIC_SetPriorityGrouping)
    i.HAL_PWREx_EnableOverDrive              0x08001f1c   Section        0  stm32f7xx_hal_pwr_ex.o(i.HAL_PWREx_EnableOverDrive)
    i.HAL_RCCEx_PeriphCLKConfig              0x08001f88   Section        0  stm32f7xx_hal_rcc_ex.o(i.HAL_RCCEx_PeriphCLKConfig)
    i.HAL_RCC_ClockConfig                    0x08002638   Section        0  stm32f7xx_hal_rcc.o(i.HAL_RCC_ClockConfig)
    i.HAL_RCC_GetHCLKFreq                    0x08002804   Section        0  stm32f7xx_hal_rcc.o(i.HAL_RCC_GetHCLKFreq)
    i.HAL_RCC_GetPCLK1Freq                   0x08002838   Section        0  stm32f7xx_hal_rcc.o(i.HAL_RCC_GetPCLK1Freq)
    i.HAL_RCC_GetPCLK2Freq                   0x08002864   Section        0  stm32f7xx_hal_rcc.o(i.HAL_RCC_GetPCLK2Freq)
    i.HAL_RCC_GetSysClockFreq                0x08002890   Section        0  stm32f7xx_hal_rcc.o(i.HAL_RCC_GetSysClockFreq)
    i.HAL_RCC_OscConfig                      0x08002914   Section        0  stm32f7xx_hal_rcc.o(i.HAL_RCC_OscConfig)
    i.HAL_SDRAM_Init                         0x08002cb0   Section        0  stm32f7xx_hal_sdram.o(i.HAL_SDRAM_Init)
    i.HAL_SDRAM_MspInit                      0x08002cf2   Section        0  stm32f7xx_hal_msp.o(i.HAL_SDRAM_MspInit)
    i.HAL_SDRAM_ProgramRefreshRate           0x08002cf6   Section        0  stm32f7xx_hal_sdram.o(i.HAL_SDRAM_ProgramRefreshRate)
    i.HAL_SDRAM_SendCommand                  0x08002d18   Section        0  stm32f7xx_hal_sdram.o(i.HAL_SDRAM_SendCommand)
    i.HAL_SD_GetStatus                       0x08002d48   Section        0  stm32f7xx_hal_sd.o(i.HAL_SD_GetStatus)
    i.HAL_SD_Get_CardInfo                    0x08002d98   Section        0  stm32f7xx_hal_sd.o(i.HAL_SD_Get_CardInfo)
    i.HAL_SD_Init                            0x08003052   Section        0  stm32f7xx_hal_sd.o(i.HAL_SD_Init)
    i.HAL_SD_MspInit                         0x080030f0   Section        0  stm32f7xx_hal_msp.o(i.HAL_SD_MspInit)
    i.HAL_SD_ReadBlocks                      0x08003154   Section        0  stm32f7xx_hal_sd.o(i.HAL_SD_ReadBlocks)
    i.HAL_SD_StopTransfer                    0x080032c4   Section        0  stm32f7xx_hal_sd.o(i.HAL_SD_StopTransfer)
    i.HAL_SD_WriteBlocks                     0x080032f0   Section        0  stm32f7xx_hal_sd.o(i.HAL_SD_WriteBlocks)
    i.HAL_SPI_Init                           0x080034b6   Section        0  stm32f7xx_hal_spi.o(i.HAL_SPI_Init)
    i.HAL_SPI_MspInit                        0x08003580   Section        0  stm32f7xx_hal_msp.o(i.HAL_SPI_MspInit)
    i.HAL_SYSTICK_CLKSourceConfig            0x080035e4   Section        0  stm32f7xx_hal_cortex.o(i.HAL_SYSTICK_CLKSourceConfig)
    i.HAL_SYSTICK_Callback                   0x080035fc   Section        0  stm32f7xx_hal_cortex.o(i.HAL_SYSTICK_Callback)
    i.HAL_SYSTICK_Config                     0x080035fe   Section        0  stm32f7xx_hal_cortex.o(i.HAL_SYSTICK_Config)
    i.HAL_SYSTICK_IRQHandler                 0x08003624   Section        0  stm32f7xx_hal_cortex.o(i.HAL_SYSTICK_IRQHandler)
    i.HAL_UART_Init                          0x0800362c   Section        0  stm32f7xx_hal_uart.o(i.HAL_UART_Init)
    i.HAL_UART_MspInit                       0x08003698   Section        0  stm32f7xx_hal_msp.o(i.HAL_UART_MspInit)
    i.I2C_IsAcknowledgeFailed                0x080036f0   Section        0  stm32f7xx_hal_i2c.o(i.I2C_IsAcknowledgeFailed)
    I2C_IsAcknowledgeFailed                  0x080036f1   Thumb Code   124  stm32f7xx_hal_i2c.o(i.I2C_IsAcknowledgeFailed)
    i.I2C_RequestMemoryRead                  0x08003770   Section        0  stm32f7xx_hal_i2c.o(i.I2C_RequestMemoryRead)
    I2C_RequestMemoryRead                    0x08003771   Thumb Code   102  stm32f7xx_hal_i2c.o(i.I2C_RequestMemoryRead)
    i.I2C_RequestMemoryWrite                 0x080037d6   Section        0  stm32f7xx_hal_i2c.o(i.I2C_RequestMemoryWrite)
    I2C_RequestMemoryWrite                   0x080037d7   Thumb Code   102  stm32f7xx_hal_i2c.o(i.I2C_RequestMemoryWrite)
    i.I2C_TransferConfig                     0x0800383c   Section        0  stm32f7xx_hal_i2c.o(i.I2C_TransferConfig)
    I2C_TransferConfig                       0x0800383d   Thumb Code    30  stm32f7xx_hal_i2c.o(i.I2C_TransferConfig)
    i.I2C_WaitOnFlagUntilTimeout             0x08003860   Section        0  stm32f7xx_hal_i2c.o(i.I2C_WaitOnFlagUntilTimeout)
    I2C_WaitOnFlagUntilTimeout               0x08003861   Thumb Code   110  stm32f7xx_hal_i2c.o(i.I2C_WaitOnFlagUntilTimeout)
    i.I2C_WaitOnSTOPFlagUntilTimeout         0x080038ce   Section        0  stm32f7xx_hal_i2c.o(i.I2C_WaitOnSTOPFlagUntilTimeout)
    I2C_WaitOnSTOPFlagUntilTimeout           0x080038cf   Thumb Code    78  stm32f7xx_hal_i2c.o(i.I2C_WaitOnSTOPFlagUntilTimeout)
    i.I2C_WaitOnTXISFlagUntilTimeout         0x0800391c   Section        0  stm32f7xx_hal_i2c.o(i.I2C_WaitOnTXISFlagUntilTimeout)
    I2C_WaitOnTXISFlagUntilTimeout           0x0800391d   Thumb Code    82  stm32f7xx_hal_i2c.o(i.I2C_WaitOnTXISFlagUntilTimeout)
    i.I2Cx_Error                             0x0800396e   Section        0  stm32746g_discovery.o(i.I2Cx_Error)
    I2Cx_Error                               0x0800396f   Thumb Code    18  stm32746g_discovery.o(i.I2Cx_Error)
    i.I2Cx_Init                              0x08003980   Section        0  stm32746g_discovery.o(i.I2Cx_Init)
    I2Cx_Init                                0x08003981   Thumb Code    64  stm32746g_discovery.o(i.I2Cx_Init)
    i.I2Cx_MspInit                           0x080039d0   Section        0  stm32746g_discovery.o(i.I2Cx_MspInit)
    I2Cx_MspInit                             0x080039d1   Thumb Code   266  stm32746g_discovery.o(i.I2Cx_MspInit)
    i.I2Cx_ReadMultiple                      0x08003af4   Section        0  stm32746g_discovery.o(i.I2Cx_ReadMultiple)
    I2Cx_ReadMultiple                        0x08003af5   Thumb Code    42  stm32746g_discovery.o(i.I2Cx_ReadMultiple)
    i.I2Cx_WriteMultiple                     0x08003b1e   Section        0  stm32746g_discovery.o(i.I2Cx_WriteMultiple)
    I2Cx_WriteMultiple                       0x08003b1f   Thumb Code    42  stm32746g_discovery.o(i.I2Cx_WriteMultiple)
    i.LL_FillBuffer                          0x08003b48   Section        0  stm32746g_discovery_lcd.o(i.LL_FillBuffer)
    LL_FillBuffer                            0x08003b49   Thumb Code   116  stm32746g_discovery_lcd.o(i.LL_FillBuffer)
    i.LTDC_SetConfig                         0x08003bc8   Section        0  stm32f7xx_hal_ltdc.o(i.LTDC_SetConfig)
    LTDC_SetConfig                           0x08003bc9   Thumb Code   464  stm32f7xx_hal_ltdc.o(i.LTDC_SetConfig)
    i.MX_FATFS_Init                          0x08003d98   Section        0  fatfs.o(i.MX_FATFS_Init)
    i.MX_FMC_Init                            0x08003db4   Section        0  main.o(i.MX_FMC_Init)
    MX_FMC_Init                              0x08003db5   Thumb Code    62  main.o(i.MX_FMC_Init)
    i.MX_GPIO_Init                           0x08003dfc   Section        0  main.o(i.MX_GPIO_Init)
    MX_GPIO_Init                             0x08003dfd   Thumb Code   182  main.o(i.MX_GPIO_Init)
    i.MX_I2C3_Init                           0x08003eb8   Section        0  main.o(i.MX_I2C3_Init)
    MX_I2C3_Init                             0x08003eb9   Thumb Code    46  main.o(i.MX_I2C3_Init)
    i.MX_LTDC_Init                           0x08003ef4   Section        0  main.o(i.MX_LTDC_Init)
    MX_LTDC_Init                             0x08003ef5   Thumb Code   172  main.o(i.MX_LTDC_Init)
    i.MX_SPI2_Init                           0x08003fa8   Section        0  main.o(i.MX_SPI2_Init)
    MX_SPI2_Init                             0x08003fa9   Thumb Code    56  main.o(i.MX_SPI2_Init)
    i.MX_USART3_UART_Init                    0x08003fe8   Section        0  main.o(i.MX_USART3_UART_Init)
    MX_USART3_UART_Init                      0x08003fe9   Thumb Code    42  main.o(i.MX_USART3_UART_Init)
    i.NVIC_SetPriority                       0x0800401c   Section        0  stm32f7xx_hal_cortex.o(i.NVIC_SetPriority)
    NVIC_SetPriority                         0x0800401d   Thumb Code    34  stm32f7xx_hal_cortex.o(i.NVIC_SetPriority)
    i.ProcesarImagen                         0x0800403e   Section        0  imagenes.o(i.ProcesarImagen)
    i.RCC_IRQHandler                         0x0800404c   Section        0  stm32f7xx_it.o(i.RCC_IRQHandler)
    i.SDMMC_DataConfig                       0x0800404e   Section        0  stm32f7xx_ll_sdmmc.o(i.SDMMC_DataConfig)
    i.SDMMC_GetCommandResponse               0x08004074   Section        0  stm32f7xx_ll_sdmmc.o(i.SDMMC_GetCommandResponse)
    i.SDMMC_GetPowerState                    0x0800407a   Section        0  stm32f7xx_ll_sdmmc.o(i.SDMMC_GetPowerState)
    i.SDMMC_GetResponse                      0x08004082   Section        0  stm32f7xx_ll_sdmmc.o(i.SDMMC_GetResponse)
    i.SDMMC_Init                             0x0800408e   Section        0  stm32f7xx_ll_sdmmc.o(i.SDMMC_Init)
    i.SDMMC_PowerState_ON                    0x080040b0   Section        0  stm32f7xx_ll_sdmmc.o(i.SDMMC_PowerState_ON)
    i.SDMMC_ReadFIFO                         0x080040b8   Section        0  stm32f7xx_ll_sdmmc.o(i.SDMMC_ReadFIFO)
    i.SDMMC_SendCommand                      0x080040be   Section        0  stm32f7xx_ll_sdmmc.o(i.SDMMC_SendCommand)
    i.SDMMC_WriteFIFO                        0x080040e0   Section        0  stm32f7xx_ll_sdmmc.o(i.SDMMC_WriteFIFO)
    i.SD_CmdResp1Error                       0x080040ec   Section        0  stm32f7xx_hal_sd.o(i.SD_CmdResp1Error)
    SD_CmdResp1Error                         0x080040ed   Thumb Code   232  stm32f7xx_hal_sd.o(i.SD_CmdResp1Error)
    i.SD_CmdResp2Error                       0x080041d8   Section        0  stm32f7xx_hal_sd.o(i.SD_CmdResp2Error)
    SD_CmdResp2Error                         0x080041d9   Thumb Code    44  stm32f7xx_hal_sd.o(i.SD_CmdResp2Error)
    i.SD_CmdResp6Error                       0x08004204   Section        0  stm32f7xx_hal_sd.o(i.SD_CmdResp6Error)
    SD_CmdResp6Error                         0x08004205   Thumb Code   116  stm32f7xx_hal_sd.o(i.SD_CmdResp6Error)
    i.SD_CmdResp7Error                       0x08004278   Section        0  stm32f7xx_hal_sd.o(i.SD_CmdResp7Error)
    SD_CmdResp7Error                         0x08004279   Thumb Code    64  stm32f7xx_hal_sd.o(i.SD_CmdResp7Error)
    i.SD_Initialize_Cards                    0x080042b8   Section        0  stm32f7xx_hal_sd.o(i.SD_Initialize_Cards)
    SD_Initialize_Cards                      0x080042b9   Thumb Code   244  stm32f7xx_hal_sd.o(i.SD_Initialize_Cards)
    i.SD_IsCardProgramming                   0x080043ac   Section        0  stm32f7xx_hal_sd.o(i.SD_IsCardProgramming)
    SD_IsCardProgramming                     0x080043ad   Thumb Code   314  stm32f7xx_hal_sd.o(i.SD_IsCardProgramming)
    i.SD_PowerON                             0x080044ec   Section        0  stm32f7xx_hal_sd.o(i.SD_PowerON)
    SD_PowerON                               0x080044ed   Thumb Code   380  stm32f7xx_hal_sd.o(i.SD_PowerON)
    i.SD_initialize                          0x0800466c   Section        0  sd_diskio.o(i.SD_initialize)
    i.SD_ioctl                               0x0800468c   Section        0  sd_diskio.o(i.SD_ioctl)
    i.SD_read                                0x080046e0   Section        0  sd_diskio.o(i.SD_read)
    i.SD_status                              0x08004700   Section        0  sd_diskio.o(i.SD_status)
    i.SD_write                               0x08004720   Section        0  sd_diskio.o(i.SD_write)
    i.SamplingImagen                         0x08004740   Section        0  imagenes.o(i.SamplingImagen)
    i.SysTick_Handler                        0x0800477c   Section        0  stm32f7xx_it.o(i.SysTick_Handler)
    i.SystemClock_Config                     0x0800478c   Section        0  main.o(i.SystemClock_Config)
    i.SystemInit                             0x08004848   Section        0  system_stm32f7xx.o(i.SystemInit)
    i.TS_IO_Delay                            0x0800489c   Section        0  stm32746g_discovery.o(i.TS_IO_Delay)
    i.TS_IO_Init                             0x080048a0   Section        0  stm32746g_discovery.o(i.TS_IO_Init)
    i.TS_IO_Read                             0x080048ac   Section        0  stm32746g_discovery.o(i.TS_IO_Read)
    i.TS_IO_Write                            0x080048d4   Section        0  stm32746g_discovery.o(i.TS_IO_Write)
    i.UART_AdvFeatureConfig                  0x080048f4   Section        0  stm32f7xx_hal_uart.o(i.UART_AdvFeatureConfig)
    i.UART_CheckIdleState                    0x080049bc   Section        0  stm32f7xx_hal_uart.o(i.UART_CheckIdleState)
    i.UART_SetConfig                         0x08004a0c   Section        0  stm32f7xx_hal_uart.o(i.UART_SetConfig)
    i.UART_WaitOnFlagUntilTimeout            0x08004c54   Section        0  stm32f7xx_hal_uart.o(i.UART_WaitOnFlagUntilTimeout)
    i.__scatterload_copy                     0x08004ce6   Section       14  handlers.o(i.__scatterload_copy)
    i.__scatterload_null                     0x08004cf4   Section        2  handlers.o(i.__scatterload_null)
    i.__scatterload_zeroinit                 0x08004cf6   Section       14  handlers.o(i.__scatterload_zeroinit)
    i.check_fs                               0x08004d04   Section        0  ff.o(i.check_fs)
    check_fs                                 0x08004d05   Thumb Code    90  ff.o(i.check_fs)
    i.chk_lock                               0x08004d64   Section        0  ff.o(i.chk_lock)
    chk_lock                                 0x08004d65   Thumb Code    96  ff.o(i.chk_lock)
    i.clear_lock                             0x08004dc8   Section        0  ff.o(i.clear_lock)
    clear_lock                               0x08004dc9   Thumb Code    32  ff.o(i.clear_lock)
    i.clust2sect                             0x08004dec   Section        0  ff.o(i.clust2sect)
    i.create_chain                           0x08004e0a   Section        0  ff.o(i.create_chain)
    create_chain                             0x08004e0b   Thumb Code   178  ff.o(i.create_chain)
    i.create_name                            0x08004ebc   Section        0  ff.o(i.create_name)
    create_name                              0x08004ebd   Thumb Code   232  ff.o(i.create_name)
    i.dir_next                               0x08004fb8   Section        0  ff.o(i.dir_next)
    dir_next                                 0x08004fb9   Thumb Code   244  ff.o(i.dir_next)
    i.dir_register                           0x080050ac   Section        0  ff.o(i.dir_register)
    dir_register                             0x080050ad   Thumb Code   102  ff.o(i.dir_register)
    i.dir_sdi                                0x08005114   Section        0  ff.o(i.dir_sdi)
    dir_sdi                                  0x08005115   Thumb Code   136  ff.o(i.dir_sdi)
    i.disk_initialize                        0x0800519c   Section        0  diskio.o(i.disk_initialize)
    i.disk_read                              0x080051c4   Section        0  diskio.o(i.disk_read)
    i.disk_status                            0x080051e0   Section        0  diskio.o(i.disk_status)
    i.disk_write                             0x080051f4   Section        0  diskio.o(i.disk_write)
    i.f_forward                              0x08005210   Section        0  ff.o(i.f_forward)
    i.f_open                                 0x080052e8   Section        0  ff.o(i.f_open)
    i.find_volume                            0x08005484   Section        0  ff.o(i.find_volume)
    find_volume                              0x08005485   Thumb Code   588  ff.o(i.find_volume)
    i.follow_path                            0x080056dc   Section        0  ff.o(i.follow_path)
    follow_path                              0x080056dd   Thumb Code   170  ff.o(i.follow_path)
    i.ft5336_I2C_InitializeIfRequired        0x08005788   Section        0  ft5336.o(i.ft5336_I2C_InitializeIfRequired)
    ft5336_I2C_InitializeIfRequired          0x08005789   Thumb Code    20  ft5336.o(i.ft5336_I2C_InitializeIfRequired)
    i.ft5336_Init                            0x080057a0   Section        0  ft5336.o(i.ft5336_Init)
    i.ft5336_ReadID                          0x080057b0   Section        0  ft5336.o(i.ft5336_ReadID)
    i.ft5336_Reset                           0x080057ea   Section        0  ft5336.o(i.ft5336_Reset)
    i.ft5336_TS_ClearIT                      0x080057ec   Section        0  ft5336.o(i.ft5336_TS_ClearIT)
    i.ft5336_TS_DetectTouch                  0x080057f0   Section        0  ft5336.o(i.ft5336_TS_DetectTouch)
    i.ft5336_TS_DisableIT                    0x08005830   Section        0  ft5336.o(i.ft5336_TS_DisableIT)
    i.ft5336_TS_EnableIT                     0x0800583a   Section        0  ft5336.o(i.ft5336_TS_EnableIT)
    i.ft5336_TS_GetGestureID                 0x08005844   Section        0  ft5336.o(i.ft5336_TS_GetGestureID)
    i.ft5336_TS_GetTouchInfo                 0x08005864   Section        0  ft5336.o(i.ft5336_TS_GetTouchInfo)
    i.ft5336_TS_GetXY                        0x08005930   Section        0  ft5336.o(i.ft5336_TS_GetXY)
    i.ft5336_TS_ITStatus                     0x08005a50   Section        0  ft5336.o(i.ft5336_TS_ITStatus)
    i.ft5336_TS_Start                        0x08005a54   Section        0  ft5336.o(i.ft5336_TS_Start)
    i.get_fat                                0x08005a58   Section        0  ff.o(i.get_fat)
    i.get_fattime                            0x08005b1a   Section        0  fatfs.o(i.get_fattime)
    i.get_ldnumber                           0x08005b1e   Section        0  ff.o(i.get_ldnumber)
    get_ldnumber                             0x08005b1f   Thumb Code    60  ff.o(i.get_ldnumber)
    i.inc_lock                               0x08005b5c   Section        0  ff.o(i.inc_lock)
    inc_lock                                 0x08005b5d   Thumb Code   146  ff.o(i.inc_lock)
    i.ld_clust                               0x08005bf4   Section        0  ff.o(i.ld_clust)
    ld_clust                                 0x08005bf5   Thumb Code    18  ff.o(i.ld_clust)
    i.main                                   0x08005c08   Section        0  main.o(i.main)
    i.mem_cpy                                0x08005d40   Section        0  ff.o(i.mem_cpy)
    mem_cpy                                  0x08005d41   Thumb Code    18  ff.o(i.mem_cpy)
    i.mem_set                                0x08005d52   Section        0  ff.o(i.mem_set)
    mem_set                                  0x08005d53   Thumb Code    14  ff.o(i.mem_set)
    i.move_window                            0x08005d60   Section        0  ff.o(i.move_window)
    move_window                              0x08005d61   Thumb Code    54  ff.o(i.move_window)
    i.put_fat                                0x08005d96   Section        0  ff.o(i.put_fat)
    i.remove_chain                           0x08005e8e   Section        0  ff.o(i.remove_chain)
    remove_chain                             0x08005e8f   Thumb Code   110  ff.o(i.remove_chain)
    i.st_clust                               0x08005efc   Section        0  ff.o(i.st_clust)
    st_clust                                 0x08005efd   Thumb Code    18  ff.o(i.st_clust)
    i.sync_window                            0x08005f0e   Section        0  ff.o(i.sync_window)
    sync_window                              0x08005f0f   Thumb Code    96  ff.o(i.sync_window)
    i.validate                               0x08005f6e   Section        0  ff.o(i.validate)
    validate                                 0x08005f6f   Thumb Code    40  ff.o(i.validate)
    .constdata                               0x08005f96   Section       16  stm32f7xx_hal_rcc.o(.constdata)
    .constdata                               0x08005fa6   Section        8  stm32f7xx_hal_dma.o(.constdata)
    flagBitshiftOffset                       0x08005fa6   Data           8  stm32f7xx_hal_dma.o(.constdata)
    .constdata                               0x08005fb0   Section       20  sd_diskio.o(.constdata)
    .constdata                               0x08005fc4   Section      172  ff.o(.constdata)
    ExCvt                                    0x08005fc4   Data         128  ff.o(.constdata)
    vst                                      0x08006044   Data          22  ff.o(.constdata)
    cst                                      0x0800605a   Data          22  ff.o(.constdata)
    .constdata                               0x08006070   Section     6840  stm32746g_discovery_lcd.o(.constdata)
    .data                                    0x20000000   Section        4  system_stm32f7xx.o(.data)
    .data                                    0x20000004   Section        4  stm32f7xx_hal.o(.data)
    uwTick                                   0x20000004   Data           4  stm32f7xx_hal.o(.data)
    .data                                    0x20000008   Section        1  sd_diskio.o(.data)
    Stat                                     0x20000008   Data           1  sd_diskio.o(.data)
    .data                                    0x2000000c   Section        8  ff.o(.data)
    Fsid                                     0x2000000c   Data           2  ff.o(.data)
    FatFs                                    0x20000010   Data           4  ff.o(.data)
    .data                                    0x20000014   Section        4  stm32f7xx_it.o(.data)
    .data                                    0x20000018   Section        5  fatfs.o(.data)
    .data                                    0x20000020   Section        8  stm32f7xx_hal_msp.o(.data)
    FMC_Initialized                          0x20000020   Data           4  stm32f7xx_hal_msp.o(.data)
    FMC_DeInitialized                        0x20000024   Data           4  stm32f7xx_hal_msp.o(.data)
    .data                                    0x20000028   Section       12  stm32746g_discovery_lcd.o(.data)
    ActiveLayer                              0x20000028   Data           4  stm32746g_discovery_lcd.o(.data)
    .data                                    0x20000034   Section        2  stm32746g_discovery_sdram.o(.data)
    sdramstatus                              0x20000034   Data           1  stm32746g_discovery_sdram.o(.data)
    sdramstatus                              0x20000035   Data           1  stm32746g_discovery_sdram.o(.data)
    .data                                    0x20000038   Section       12  stm32746g_discovery_ts.o(.data)
    tsOrientation                            0x20000038   Data           1  stm32746g_discovery_ts.o(.data)
    I2cAddress                               0x20000039   Data           1  stm32746g_discovery_ts.o(.data)
    tsXBoundary                              0x2000003a   Data           2  stm32746g_discovery_ts.o(.data)
    tsYBoundary                              0x2000003c   Data           2  stm32746g_discovery_ts.o(.data)
    tsDriver                                 0x20000040   Data           4  stm32746g_discovery_ts.o(.data)
    .data                                    0x20000044   Section       40  ft5336.o(.data)
    .data                                    0x2000006c   Section        5  ft5336.o(.data)
    coord                                    0x2000006c   Data           2  ft5336.o(.data)
    ft5336_handle                            0x2000006e   Data           3  ft5336.o(.data)
    .bss                                     0x20000074   Section       24  ff.o(.bss)
    Files                                    0x20000074   Data          24  ff.o(.bss)
    .bss                                     0x2000008c   Section       12  ff_gen_drv.o(.bss)
    .bss                                     0x20000098   Section      744  main.o(.bss)
    .bss                                     0x20000380   Section       44  main.o(.bss)
    .bss                                     0x200003ac   Section      120  stm32746g_discovery.o(.bss)
    hI2cAudioHandler                         0x200003ac   Data          60  stm32746g_discovery.o(.bss)
    hI2cExtHandler                           0x200003e8   Data          60  stm32746g_discovery.o(.bss)
    .bss                                     0x20000424   Section      388  stm32746g_discovery_lcd.o(.bss)
    periph_clk_init_struct                   0x20000424   Data         132  stm32746g_discovery_lcd.o(.bss)
    hLtdcHandler                             0x200004a8   Data         168  stm32746g_discovery_lcd.o(.bss)
    hDma2dHandler                            0x20000550   Data          64  stm32746g_discovery_lcd.o(.bss)
    DrawProp                                 0x20000590   Data          24  stm32746g_discovery_lcd.o(.bss)
    .bss                                     0x200005a8   Section      272  stm32746g_discovery_sdram.o(.bss)
    dma_handle                               0x200005a8   Data          88  stm32746g_discovery_sdram.o(.bss)
    dma_handle                               0x20000600   Data          88  stm32746g_discovery_sdram.o(.bss)
    sdramHandle                              0x20000658   Data          52  stm32746g_discovery_sdram.o(.bss)
    Timing                                   0x2000068c   Data          28  stm32746g_discovery_sdram.o(.bss)
    Command                                  0x200006a8   Data          16  stm32746g_discovery_sdram.o(.bss)
    .bss                                     0x200006b8   Section       40  stm32746g_discovery_ts.o(.bss)
    _x                                       0x200006b8   Data          20  stm32746g_discovery_ts.o(.bss)
    _y                                       0x200006cc   Data          20  stm32746g_discovery_ts.o(.bss)
    STACK                                    0x200006e0   Section    196608  startup_stm32f746xx.o(STACK)

    Global Symbols

    Symbol Name                              Value     Ov Type        Size  Object(Section)

    BuildAttributes$$THM_ISAv4$E$P$D$K$B$S$7EM$VFPi5$EXTD16$VFPS$VFMA$PE$PLD8$A:L22UL41UL21$X:L11$S22US41US21$IEEE1$IW$USESV6$~STKCKD$USESV7$~SHL$OSPACE$EBA8$MICROLIB$REQ8$PRES8$EABIv2 0x00000000   Number         0  anon$$obj.o ABSOLUTE
    __ARM_use_no_argv                        0x00000000   Number         0  main.o ABSOLUTE
    __cpp_initialize__aeabi_                  - Undefined Weak Reference
    __cxa_finalize                            - Undefined Weak Reference
    __decompress                              - Undefined Weak Reference
    _clock_init                               - Undefined Weak Reference
    _microlib_exit                            - Undefined Weak Reference
    __Vectors_Size                           0x000001c8   Number         0  startup_stm32f746xx.o ABSOLUTE
    __Vectors                                0x08000000   Data           4  startup_stm32f746xx.o(RESET)
    __Vectors_End                            0x080001c8   Data           0  startup_stm32f746xx.o(RESET)
    __main                                   0x080001c9   Thumb Code     0  entry.o(.ARM.Collect$$$$00000000)
    _main_stk                                0x080001c9   Thumb Code     0  entry2.o(.ARM.Collect$$$$00000001)
    _main_scatterload                        0x080001cd   Thumb Code     0  entry5.o(.ARM.Collect$$$$00000004)
    __main_after_scatterload                 0x080001d1   Thumb Code     0  entry5.o(.ARM.Collect$$$$00000004)
    _main_clock                              0x080001d1   Thumb Code     0  entry7b.o(.ARM.Collect$$$$00000008)
    _main_cpp_init                           0x080001d1   Thumb Code     0  entry8b.o(.ARM.Collect$$$$0000000A)
    _main_init                               0x080001d1   Thumb Code     0  entry9a.o(.ARM.Collect$$$$0000000B)
    __rt_final_cpp                           0x080001d9   Thumb Code     0  entry10a.o(.ARM.Collect$$$$0000000D)
    __rt_final_exit                          0x080001d9   Thumb Code     0  entry11a.o(.ARM.Collect$$$$0000000F)
    Reset_Handler                            0x080001dd   Thumb Code     8  startup_stm32f746xx.o(.text)
    NMI_Handler                              0x080001e5   Thumb Code     2  startup_stm32f746xx.o(.text)
    HardFault_Handler                        0x080001e7   Thumb Code     2  startup_stm32f746xx.o(.text)
    MemManage_Handler                        0x080001e9   Thumb Code     2  startup_stm32f746xx.o(.text)
    BusFault_Handler                         0x080001eb   Thumb Code     2  startup_stm32f746xx.o(.text)
    UsageFault_Handler                       0x080001ed   Thumb Code     2  startup_stm32f746xx.o(.text)
    SVC_Handler                              0x080001ef   Thumb Code     2  startup_stm32f746xx.o(.text)
    DebugMon_Handler                         0x080001f1   Thumb Code     2  startup_stm32f746xx.o(.text)
    PendSV_Handler                           0x080001f3   Thumb Code     2  startup_stm32f746xx.o(.text)
    ADC_IRQHandler                           0x080001f7   Thumb Code     0  startup_stm32f746xx.o(.text)
    CAN1_RX0_IRQHandler                      0x080001f7   Thumb Code     0  startup_stm32f746xx.o(.text)
    CAN1_RX1_IRQHandler                      0x080001f7   Thumb Code     0  startup_stm32f746xx.o(.text)
    CAN1_SCE_IRQHandler                      0x080001f7   Thumb Code     0  startup_stm32f746xx.o(.text)
    CAN1_TX_IRQHandler                       0x080001f7   Thumb Code     0  startup_stm32f746xx.o(.text)
    CAN2_RX0_IRQHandler                      0x080001f7   Thumb Code     0  startup_stm32f746xx.o(.text)
    CAN2_RX1_IRQHandler                      0x080001f7   Thumb Code     0  startup_stm32f746xx.o(.text)
    CAN2_SCE_IRQHandler                      0x080001f7   Thumb Code     0  startup_stm32f746xx.o(.text)
    CAN2_TX_IRQHandler                       0x080001f7   Thumb Code     0  startup_stm32f746xx.o(.text)
    CEC_IRQHandler                           0x080001f7   Thumb Code     0  startup_stm32f746xx.o(.text)
    DCMI_IRQHandler                          0x080001f7   Thumb Code     0  startup_stm32f746xx.o(.text)
    DMA1_Stream0_IRQHandler                  0x080001f7   Thumb Code     0  startup_stm32f746xx.o(.text)
    DMA1_Stream1_IRQHandler                  0x080001f7   Thumb Code     0  startup_stm32f746xx.o(.text)
    DMA1_Stream2_IRQHandler                  0x080001f7   Thumb Code     0  startup_stm32f746xx.o(.text)
    DMA1_Stream3_IRQHandler                  0x080001f7   Thumb Code     0  startup_stm32f746xx.o(.text)
    DMA1_Stream4_IRQHandler                  0x080001f7   Thumb Code     0  startup_stm32f746xx.o(.text)
    DMA1_Stream5_IRQHandler                  0x080001f7   Thumb Code     0  startup_stm32f746xx.o(.text)
    DMA1_Stream6_IRQHandler                  0x080001f7   Thumb Code     0  startup_stm32f746xx.o(.text)
    DMA1_Stream7_IRQHandler                  0x080001f7   Thumb Code     0  startup_stm32f746xx.o(.text)
    DMA2D_IRQHandler                         0x080001f7   Thumb Code     0  startup_stm32f746xx.o(.text)
    DMA2_Stream0_IRQHandler                  0x080001f7   Thumb Code     0  startup_stm32f746xx.o(.text)
    DMA2_Stream1_IRQHandler                  0x080001f7   Thumb Code     0  startup_stm32f746xx.o(.text)
    DMA2_Stream2_IRQHandler                  0x080001f7   Thumb Code     0  startup_stm32f746xx.o(.text)
    DMA2_Stream3_IRQHandler                  0x080001f7   Thumb Code     0  startup_stm32f746xx.o(.text)
    DMA2_Stream4_IRQHandler                  0x080001f7   Thumb Code     0  startup_stm32f746xx.o(.text)
    DMA2_Stream5_IRQHandler                  0x080001f7   Thumb Code     0  startup_stm32f746xx.o(.text)
    DMA2_Stream6_IRQHandler                  0x080001f7   Thumb Code     0  startup_stm32f746xx.o(.text)
    DMA2_Stream7_IRQHandler                  0x080001f7   Thumb Code     0  startup_stm32f746xx.o(.text)
    ETH_IRQHandler                           0x080001f7   Thumb Code     0  startup_stm32f746xx.o(.text)
    ETH_WKUP_IRQHandler                      0x080001f7   Thumb Code     0  startup_stm32f746xx.o(.text)
    EXTI0_IRQHandler                         0x080001f7   Thumb Code     0  startup_stm32f746xx.o(.text)
    EXTI1_IRQHandler                         0x080001f7   Thumb Code     0  startup_stm32f746xx.o(.text)
    EXTI2_IRQHandler                         0x080001f7   Thumb Code     0  startup_stm32f746xx.o(.text)
    EXTI3_IRQHandler                         0x080001f7   Thumb Code     0  startup_stm32f746xx.o(.text)
    EXTI4_IRQHandler                         0x080001f7   Thumb Code     0  startup_stm32f746xx.o(.text)
    EXTI9_5_IRQHandler                       0x080001f7   Thumb Code     0  startup_stm32f746xx.o(.text)
    FLASH_IRQHandler                         0x080001f7   Thumb Code     0  startup_stm32f746xx.o(.text)
    FMC_IRQHandler                           0x080001f7   Thumb Code     0  startup_stm32f746xx.o(.text)
    FPU_IRQHandler                           0x080001f7   Thumb Code     0  startup_stm32f746xx.o(.text)
    I2C1_ER_IRQHandler                       0x080001f7   Thumb Code     0  startup_stm32f746xx.o(.text)
    I2C1_EV_IRQHandler                       0x080001f7   Thumb Code     0  startup_stm32f746xx.o(.text)
    I2C2_ER_IRQHandler                       0x080001f7   Thumb Code     0  startup_stm32f746xx.o(.text)
    I2C2_EV_IRQHandler                       0x080001f7   Thumb Code     0  startup_stm32f746xx.o(.text)
    I2C3_ER_IRQHandler                       0x080001f7   Thumb Code     0  startup_stm32f746xx.o(.text)
    I2C3_EV_IRQHandler                       0x080001f7   Thumb Code     0  startup_stm32f746xx.o(.text)
    I2C4_ER_IRQHandler                       0x080001f7   Thumb Code     0  startup_stm32f746xx.o(.text)
    I2C4_EV_IRQHandler                       0x080001f7   Thumb Code     0  startup_stm32f746xx.o(.text)
    LPTIM1_IRQHandler                        0x080001f7   Thumb Code     0  startup_stm32f746xx.o(.text)
    LTDC_ER_IRQHandler                       0x080001f7   Thumb Code     0  startup_stm32f746xx.o(.text)
    LTDC_IRQHandler                          0x080001f7   Thumb Code     0  startup_stm32f746xx.o(.text)
    OTG_FS_IRQHandler                        0x080001f7   Thumb Code     0  startup_stm32f746xx.o(.text)
    OTG_FS_WKUP_IRQHandler                   0x080001f7   Thumb Code     0  startup_stm32f746xx.o(.text)
    OTG_HS_EP1_IN_IRQHandler                 0x080001f7   Thumb Code     0  startup_stm32f746xx.o(.text)
    OTG_HS_EP1_OUT_IRQHandler                0x080001f7   Thumb Code     0  startup_stm32f746xx.o(.text)
    OTG_HS_IRQHandler                        0x080001f7   Thumb Code     0  startup_stm32f746xx.o(.text)
    OTG_HS_WKUP_IRQHandler                   0x080001f7   Thumb Code     0  startup_stm32f746xx.o(.text)
    PVD_IRQHandler                           0x080001f7   Thumb Code     0  startup_stm32f746xx.o(.text)
    QUADSPI_IRQHandler                       0x080001f7   Thumb Code     0  startup_stm32f746xx.o(.text)
    RNG_IRQHandler                           0x080001f7   Thumb Code     0  startup_stm32f746xx.o(.text)
    RTC_Alarm_IRQHandler                     0x080001f7   Thumb Code     0  startup_stm32f746xx.o(.text)
    RTC_WKUP_IRQHandler                      0x080001f7   Thumb Code     0  startup_stm32f746xx.o(.text)
    SAI1_IRQHandler                          0x080001f7   Thumb Code     0  startup_stm32f746xx.o(.text)
    SAI2_IRQHandler                          0x080001f7   Thumb Code     0  startup_stm32f746xx.o(.text)
    SDMMC1_IRQHandler                        0x080001f7   Thumb Code     0  startup_stm32f746xx.o(.text)
    SPDIF_RX_IRQHandler                      0x080001f7   Thumb Code     0  startup_stm32f746xx.o(.text)
    SPI1_IRQHandler                          0x080001f7   Thumb Code     0  startup_stm32f746xx.o(.text)
    SPI2_IRQHandler                          0x080001f7   Thumb Code     0  startup_stm32f746xx.o(.text)
    SPI3_IRQHandler                          0x080001f7   Thumb Code     0  startup_stm32f746xx.o(.text)
    SPI4_IRQHandler                          0x080001f7   Thumb Code     0  startup_stm32f746xx.o(.text)
    SPI5_IRQHandler                          0x080001f7   Thumb Code     0  startup_stm32f746xx.o(.text)
    SPI6_IRQHandler                          0x080001f7   Thumb Code     0  startup_stm32f746xx.o(.text)
    TAMP_STAMP_IRQHandler                    0x080001f7   Thumb Code     0  startup_stm32f746xx.o(.text)
    TIM1_BRK_TIM9_IRQHandler                 0x080001f7   Thumb Code     0  startup_stm32f746xx.o(.text)
    TIM1_CC_IRQHandler                       0x080001f7   Thumb Code     0  startup_stm32f746xx.o(.text)
    TIM1_TRG_COM_TIM11_IRQHandler            0x080001f7   Thumb Code     0  startup_stm32f746xx.o(.text)
    TIM1_UP_TIM10_IRQHandler                 0x080001f7   Thumb Code     0  startup_stm32f746xx.o(.text)
    TIM2_IRQHandler                          0x080001f7   Thumb Code     0  startup_stm32f746xx.o(.text)
    TIM3_IRQHandler                          0x080001f7   Thumb Code     0  startup_stm32f746xx.o(.text)
    TIM4_IRQHandler                          0x080001f7   Thumb Code     0  startup_stm32f746xx.o(.text)
    TIM5_IRQHandler                          0x080001f7   Thumb Code     0  startup_stm32f746xx.o(.text)
    TIM6_DAC_IRQHandler                      0x080001f7   Thumb Code     0  startup_stm32f746xx.o(.text)
    TIM7_IRQHandler                          0x080001f7   Thumb Code     0  startup_stm32f746xx.o(.text)
    TIM8_BRK_TIM12_IRQHandler                0x080001f7   Thumb Code     0  startup_stm32f746xx.o(.text)
    TIM8_CC_IRQHandler                       0x080001f7   Thumb Code     0  startup_stm32f746xx.o(.text)
    TIM8_TRG_COM_TIM14_IRQHandler            0x080001f7   Thumb Code     0  startup_stm32f746xx.o(.text)
    TIM8_UP_TIM13_IRQHandler                 0x080001f7   Thumb Code     0  startup_stm32f746xx.o(.text)
    UART4_IRQHandler                         0x080001f7   Thumb Code     0  startup_stm32f746xx.o(.text)
    UART5_IRQHandler                         0x080001f7   Thumb Code     0  startup_stm32f746xx.o(.text)
    UART7_IRQHandler                         0x080001f7   Thumb Code     0  startup_stm32f746xx.o(.text)
    UART8_IRQHandler                         0x080001f7   Thumb Code     0  startup_stm32f746xx.o(.text)
    USART1_IRQHandler                        0x080001f7   Thumb Code     0  startup_stm32f746xx.o(.text)
    USART2_IRQHandler                        0x080001f7   Thumb Code     0  startup_stm32f746xx.o(.text)
    USART3_IRQHandler                        0x080001f7   Thumb Code     0  startup_stm32f746xx.o(.text)
    USART6_IRQHandler                        0x080001f7   Thumb Code     0  startup_stm32f746xx.o(.text)
    WWDG_IRQHandler                          0x080001f7   Thumb Code     0  startup_stm32f746xx.o(.text)
    __aeabi_memcpy                           0x08000201   Thumb Code    36  memcpya.o(.text)
    __aeabi_memcpy4                          0x08000201   Thumb Code     0  memcpya.o(.text)
    __aeabi_memcpy8                          0x08000201   Thumb Code     0  memcpya.o(.text)
    __scatterload                            0x08000225   Thumb Code    28  init.o(.text)
    __scatterload_rt2                        0x08000225   Thumb Code     0  init.o(.text)
    BSP_LCD_Clear                            0x08000249   Thumb Code    48  stm32746g_discovery_lcd.o(i.BSP_LCD_Clear)
    BSP_LCD_ClockConfig                      0x08000281   Thumb Code    26  stm32746g_discovery_lcd.o(i.BSP_LCD_ClockConfig)
    BSP_LCD_DrawCircle                       0x080002a1   Thumb Code   270  stm32746g_discovery_lcd.o(i.BSP_LCD_DrawCircle)
    BSP_LCD_DrawHLine                        0x080003b9   Thumb Code   116  stm32746g_discovery_lcd.o(i.BSP_LCD_DrawHLine)
    BSP_LCD_DrawPixel                        0x08000435   Thumb Code    90  stm32746g_discovery_lcd.o(i.BSP_LCD_DrawPixel)
    BSP_LCD_FillCircle                       0x08000499   Thumb Code   186  stm32746g_discovery_lcd.o(i.BSP_LCD_FillCircle)
    BSP_LCD_GetXSize                         0x0800055d   Thumb Code    22  stm32746g_discovery_lcd.o(i.BSP_LCD_GetXSize)
    BSP_LCD_GetYSize                         0x0800057d   Thumb Code    22  stm32746g_discovery_lcd.o(i.BSP_LCD_GetYSize)
    BSP_LCD_Init                             0x0800059d   Thumb Code   142  stm32746g_discovery_lcd.o(i.BSP_LCD_Init)
    BSP_LCD_LayerDefaultInit                 0x08000641   Thumb Code   112  stm32746g_discovery_lcd.o(i.BSP_LCD_LayerDefaultInit)
    BSP_LCD_MspInit                          0x080006b9   Thumb Code   286  stm32746g_discovery_lcd.o(i.BSP_LCD_MspInit)
    BSP_LCD_SelectLayer                      0x080007f1   Thumb Code     6  stm32746g_discovery_lcd.o(i.BSP_LCD_SelectLayer)
    BSP_LCD_SetFont                          0x080007fd   Thumb Code    18  stm32746g_discovery_lcd.o(i.BSP_LCD_SetFont)
    BSP_LCD_SetTextColor                     0x08000819   Thumb Code    16  stm32746g_discovery_lcd.o(i.BSP_LCD_SetTextColor)
    BSP_SDRAM_Init                           0x08000831   Thumb Code   108  stm32746g_discovery_sdram.o(i.BSP_SDRAM_Init)
    BSP_SDRAM_Initialization_sequence        0x080008a9   Thumb Code   134  stm32746g_discovery_sdram.o(i.BSP_SDRAM_Initialization_sequence)
    BSP_SDRAM_MspInit                        0x08000935   Thumb Code   320  stm32746g_discovery_sdram.o(i.BSP_SDRAM_MspInit)
    BSP_SD_GetCardInfo                       0x08000a99   Thumb Code     8  bsp_driver_sd.o(i.BSP_SD_GetCardInfo)
    BSP_SD_GetStatus                         0x08000aa5   Thumb Code     6  bsp_driver_sd.o(i.BSP_SD_GetStatus)
    BSP_SD_Init                              0x08000ab1   Thumb Code    32  bsp_driver_sd.o(i.BSP_SD_Init)
    BSP_SD_ReadBlocks                        0x08000ad9   Thumb Code    26  bsp_driver_sd.o(i.BSP_SD_ReadBlocks)
    BSP_SD_WriteBlocks                       0x08000af9   Thumb Code    26  bsp_driver_sd.o(i.BSP_SD_WriteBlocks)
    BSP_TS_GetState                          0x08000b19   Thumb Code   360  stm32746g_discovery_ts.o(i.BSP_TS_GetState)
    BSP_TS_Get_GestureId                     0x08000c89   Thumb Code    88  stm32746g_discovery_ts.o(i.BSP_TS_Get_GestureId)
    BSP_TS_ITConfig                          0x08000ce5   Thumb Code    58  stm32746g_discovery_ts.o(i.BSP_TS_ITConfig)
    BSP_TS_Init                              0x08000d2d   Thumb Code    50  stm32746g_discovery_ts.o(i.BSP_TS_Init)
    EXTI15_10_IRQHandler                     0x08000e1d   Thumb Code    22  stm32f7xx_it.o(i.EXTI15_10_IRQHandler)
    FATFS_LinkDriver                         0x08000e33   Thumb Code     6  ff_gen_drv.o(i.FATFS_LinkDriver)
    FATFS_LinkDriverEx                       0x08000e39   Thumb Code    60  ff_gen_drv.o(i.FATFS_LinkDriverEx)
    FMC_SDRAM_Init                           0x08000e79   Thumb Code    94  stm32f7xx_ll_fmc.o(i.FMC_SDRAM_Init)
    FMC_SDRAM_ProgramRefreshRate             0x08000ed7   Thumb Code    12  stm32f7xx_ll_fmc.o(i.FMC_SDRAM_ProgramRefreshRate)
    FMC_SDRAM_SendCommand                    0x08000ee3   Thumb Code    72  stm32f7xx_ll_fmc.o(i.FMC_SDRAM_SendCommand)
    FMC_SDRAM_Timing_Init                    0x08000f2b   Thumb Code   130  stm32f7xx_ll_fmc.o(i.FMC_SDRAM_Timing_Init)
    HAL_DMA2D_ConfigLayer                    0x08000fad   Thumb Code   218  stm32f7xx_hal_dma2d.o(i.HAL_DMA2D_ConfigLayer)
    HAL_DMA2D_Init                           0x0800108d   Thumb Code    90  stm32f7xx_hal_dma2d.o(i.HAL_DMA2D_Init)
    HAL_DMA2D_MspInit                        0x080010e9   Thumb Code    30  stm32f7xx_hal_msp.o(i.HAL_DMA2D_MspInit)
    HAL_DMA2D_PollForTransfer                0x08001111   Thumb Code   220  stm32f7xx_hal_dma2d.o(i.HAL_DMA2D_PollForTransfer)
    HAL_DMA2D_Start                          0x080011ed   Thumb Code    62  stm32f7xx_hal_dma2d.o(i.HAL_DMA2D_Start)
    HAL_DMA_DeInit                           0x0800122b   Thumb Code    86  stm32f7xx_hal_dma.o(i.HAL_DMA_DeInit)
    HAL_DMA_Init                             0x08001281   Thumb Code   134  stm32f7xx_hal_dma.o(i.HAL_DMA_Init)
    HAL_Delay                                0x0800130d   Thumb Code    22  stm32f7xx_hal.o(i.HAL_Delay)
    HAL_GPIO_DeInit                          0x080013f5   Thumb Code   292  stm32f7xx_hal_gpio.o(i.HAL_GPIO_DeInit)
    HAL_GPIO_EXTI_Callback                   0x08001549   Thumb Code    60  stm32f7xx_it.o(i.HAL_GPIO_EXTI_Callback)
    HAL_GPIO_EXTI_IRQHandler                 0x0800158d   Thumb Code    18  stm32f7xx_hal_gpio.o(i.HAL_GPIO_EXTI_IRQHandler)
    HAL_GPIO_Init                            0x080015a5   Thumb Code   418  stm32f7xx_hal_gpio.o(i.HAL_GPIO_Init)
    HAL_GPIO_WritePin                        0x0800177d   Thumb Code    10  stm32f7xx_hal_gpio.o(i.HAL_GPIO_WritePin)
    HAL_GetTick                              0x08001789   Thumb Code     6  stm32f7xx_hal.o(i.HAL_GetTick)
    HAL_I2CEx_ConfigAnalogFilter             0x08001795   Thumb Code   118  stm32f7xx_hal_i2c_ex.o(i.HAL_I2CEx_ConfigAnalogFilter)
    HAL_I2C_DeInit                           0x0800180b   Thumb Code    46  stm32f7xx_hal_i2c.o(i.HAL_I2C_DeInit)
    HAL_I2C_GetState                         0x08001839   Thumb Code     6  stm32f7xx_hal_i2c.o(i.HAL_I2C_GetState)
    HAL_I2C_Init                             0x08001841   Thumb Code   166  stm32f7xx_hal_i2c.o(i.HAL_I2C_Init)
    HAL_I2C_Mem_Read                         0x080018ed   Thumb Code   268  stm32f7xx_hal_i2c.o(i.HAL_I2C_Mem_Read)
    HAL_I2C_Mem_Write                        0x080019fd   Thumb Code   268  stm32f7xx_hal_i2c.o(i.HAL_I2C_Mem_Write)
    HAL_I2C_MspDeInit                        0x08001b0d   Thumb Code    30  stm32f7xx_hal_msp.o(i.HAL_I2C_MspDeInit)
    HAL_I2C_MspInit                          0x08001b39   Thumb Code    58  stm32f7xx_hal_msp.o(i.HAL_I2C_MspInit)
    HAL_IncTick                              0x08001b81   Thumb Code    10  stm32f7xx_hal.o(i.HAL_IncTick)
    HAL_Init                                 0x08001b91   Thumb Code    32  stm32f7xx_hal.o(i.HAL_Init)
    HAL_InitTick                             0x08001bb5   Thumb Code    34  stm32f7xx_hal.o(i.HAL_InitTick)
    HAL_LTDC_ConfigLayer                     0x08001bd7   Thumb Code    82  stm32f7xx_hal_ltdc.o(i.HAL_LTDC_ConfigLayer)
    HAL_LTDC_GetState                        0x08001c29   Thumb Code     6  stm32f7xx_hal_ltdc.o(i.HAL_LTDC_GetState)
    HAL_LTDC_Init                            0x08001c31   Thumb Code   252  stm32f7xx_hal_ltdc.o(i.HAL_LTDC_Init)
    HAL_LTDC_MspInit                         0x08001d31   Thumb Code   284  stm32f7xx_hal_msp.o(i.HAL_LTDC_MspInit)
    HAL_MspInit                              0x08001e7d   Thumb Code    38  stm32f7xx_hal_msp.o(i.HAL_MspInit)
    HAL_NVIC_EnableIRQ                       0x08001ea3   Thumb Code    22  stm32f7xx_hal_cortex.o(i.HAL_NVIC_EnableIRQ)
    HAL_NVIC_SetPriority                     0x08001eb9   Thumb Code    60  stm32f7xx_hal_cortex.o(i.HAL_NVIC_SetPriority)
    HAL_NVIC_SetPriorityGrouping             0x08001ef9   Thumb Code    28  stm32f7xx_hal_cortex.o(i.HAL_NVIC_SetPriorityGrouping)
    HAL_PWREx_EnableOverDrive                0x08001f1d   Thumb Code   100  stm32f7xx_hal_pwr_ex.o(i.HAL_PWREx_EnableOverDrive)
    HAL_RCCEx_PeriphCLKConfig                0x08001f89   Thumb Code  1708  stm32f7xx_hal_rcc_ex.o(i.HAL_RCCEx_PeriphCLKConfig)
    HAL_RCC_ClockConfig                      0x08002639   Thumb Code   450  stm32f7xx_hal_rcc.o(i.HAL_RCC_ClockConfig)
    HAL_RCC_GetHCLKFreq                      0x08002805   Thumb Code    38  stm32f7xx_hal_rcc.o(i.HAL_RCC_GetHCLKFreq)
    HAL_RCC_GetPCLK1Freq                     0x08002839   Thumb Code    36  stm32f7xx_hal_rcc.o(i.HAL_RCC_GetPCLK1Freq)
    HAL_RCC_GetPCLK2Freq                     0x08002865   Thumb Code    36  stm32f7xx_hal_rcc.o(i.HAL_RCC_GetPCLK2Freq)
    HAL_RCC_GetSysClockFreq                  0x08002891   Thumb Code   120  stm32f7xx_hal_rcc.o(i.HAL_RCC_GetSysClockFreq)
    HAL_RCC_OscConfig                        0x08002915   Thumb Code   914  stm32f7xx_hal_rcc.o(i.HAL_RCC_OscConfig)
    HAL_SDRAM_Init                           0x08002cb1   Thumb Code    66  stm32f7xx_hal_sdram.o(i.HAL_SDRAM_Init)
    HAL_SDRAM_MspInit                        0x08002cf3   Thumb Code     4  stm32f7xx_hal_msp.o(i.HAL_SDRAM_MspInit)
    HAL_SDRAM_ProgramRefreshRate             0x08002cf7   Thumb Code    34  stm32f7xx_hal_sdram.o(i.HAL_SDRAM_ProgramRefreshRate)
    HAL_SDRAM_SendCommand                    0x08002d19   Thumb Code    48  stm32f7xx_hal_sdram.o(i.HAL_SDRAM_SendCommand)
    HAL_SD_GetStatus                         0x08002d49   Thumb Code    78  stm32f7xx_hal_sd.o(i.HAL_SD_GetStatus)
    HAL_SD_Get_CardInfo                      0x08002d99   Thumb Code   698  stm32f7xx_hal_sd.o(i.HAL_SD_Get_CardInfo)
    HAL_SD_Init                              0x08003053   Thumb Code   156  stm32f7xx_hal_sd.o(i.HAL_SD_Init)
    HAL_SD_MspInit                           0x080030f1   Thumb Code    84  stm32f7xx_hal_msp.o(i.HAL_SD_MspInit)
    HAL_SD_ReadBlocks                        0x08003155   Thumb Code   368  stm32f7xx_hal_sd.o(i.HAL_SD_ReadBlocks)
    HAL_SD_StopTransfer                      0x080032c5   Thumb Code    42  stm32f7xx_hal_sd.o(i.HAL_SD_StopTransfer)
    HAL_SD_WriteBlocks                       0x080032f1   Thumb Code   454  stm32f7xx_hal_sd.o(i.HAL_SD_WriteBlocks)
    HAL_SPI_Init                             0x080034b7   Thumb Code   200  stm32f7xx_hal_spi.o(i.HAL_SPI_Init)
    HAL_SPI_MspInit                          0x08003581   Thumb Code    82  stm32f7xx_hal_msp.o(i.HAL_SPI_MspInit)
    HAL_SYSTICK_CLKSourceConfig              0x080035e5   Thumb Code    24  stm32f7xx_hal_cortex.o(i.HAL_SYSTICK_CLKSourceConfig)
    HAL_SYSTICK_Callback                     0x080035fd   Thumb Code     2  stm32f7xx_hal_cortex.o(i.HAL_SYSTICK_Callback)
    HAL_SYSTICK_Config                       0x080035ff   Thumb Code    38  stm32f7xx_hal_cortex.o(i.HAL_SYSTICK_Config)
    HAL_SYSTICK_IRQHandler                   0x08003625   Thumb Code     8  stm32f7xx_hal_cortex.o(i.HAL_SYSTICK_IRQHandler)
    HAL_UART_Init                            0x0800362d   Thumb Code   106  stm32f7xx_hal_uart.o(i.HAL_UART_Init)
    HAL_UART_MspInit                         0x08003699   Thumb Code    70  stm32f7xx_hal_msp.o(i.HAL_UART_MspInit)
    MX_FATFS_Init                            0x08003d99   Thumb Code    18  fatfs.o(i.MX_FATFS_Init)
    ProcesarImagen                           0x0800403f   Thumb Code    14  imagenes.o(i.ProcesarImagen)
    RCC_IRQHandler                           0x0800404d   Thumb Code     2  stm32f7xx_it.o(i.RCC_IRQHandler)
    SDMMC_DataConfig                         0x0800404f   Thumb Code    38  stm32f7xx_ll_sdmmc.o(i.SDMMC_DataConfig)
    SDMMC_GetCommandResponse                 0x08004075   Thumb Code     6  stm32f7xx_ll_sdmmc.o(i.SDMMC_GetCommandResponse)
    SDMMC_GetPowerState                      0x0800407b   Thumb Code     8  stm32f7xx_ll_sdmmc.o(i.SDMMC_GetPowerState)
    SDMMC_GetResponse                        0x08004083   Thumb Code    12  stm32f7xx_ll_sdmmc.o(i.SDMMC_GetResponse)
    SDMMC_Init                               0x0800408f   Thumb Code    34  stm32f7xx_ll_sdmmc.o(i.SDMMC_Init)
    SDMMC_PowerState_ON                      0x080040b1   Thumb Code     8  stm32f7xx_ll_sdmmc.o(i.SDMMC_PowerState_ON)
    SDMMC_ReadFIFO                           0x080040b9   Thumb Code     6  stm32f7xx_ll_sdmmc.o(i.SDMMC_ReadFIFO)
    SDMMC_SendCommand                        0x080040bf   Thumb Code    34  stm32f7xx_ll_sdmmc.o(i.SDMMC_SendCommand)
    SDMMC_WriteFIFO                          0x080040e1   Thumb Code    10  stm32f7xx_ll_sdmmc.o(i.SDMMC_WriteFIFO)
    SD_initialize                            0x0800466d   Thumb Code    26  sd_diskio.o(i.SD_initialize)
    SD_ioctl                                 0x0800468d   Thumb Code    80  sd_diskio.o(i.SD_ioctl)
    SD_read                                  0x080046e1   Thumb Code    30  sd_diskio.o(i.SD_read)
    SD_status                                0x08004701   Thumb Code    26  sd_diskio.o(i.SD_status)
    SD_write                                 0x08004721   Thumb Code    30  sd_diskio.o(i.SD_write)
    SamplingImagen                           0x08004741   Thumb Code    50  imagenes.o(i.SamplingImagen)
    SysTick_Handler                          0x0800477d   Thumb Code    14  stm32f7xx_it.o(i.SysTick_Handler)
    SystemClock_Config                       0x0800478d   Thumb Code   176  main.o(i.SystemClock_Config)
    SystemInit                               0x08004849   Thumb Code    68  system_stm32f7xx.o(i.SystemInit)
    TS_IO_Delay                              0x0800489d   Thumb Code     4  stm32746g_discovery.o(i.TS_IO_Delay)
    TS_IO_Init                               0x080048a1   Thumb Code     6  stm32746g_discovery.o(i.TS_IO_Init)
    TS_IO_Read                               0x080048ad   Thumb Code    34  stm32746g_discovery.o(i.TS_IO_Read)
    TS_IO_Write                              0x080048d5   Thumb Code    26  stm32746g_discovery.o(i.TS_IO_Write)
    UART_AdvFeatureConfig                    0x080048f5   Thumb Code   200  stm32f7xx_hal_uart.o(i.UART_AdvFeatureConfig)
    UART_CheckIdleState                      0x080049bd   Thumb Code    78  stm32f7xx_hal_uart.o(i.UART_CheckIdleState)
    UART_SetConfig                           0x08004a0d   Thumb Code   534  stm32f7xx_hal_uart.o(i.UART_SetConfig)
    UART_WaitOnFlagUntilTimeout              0x08004c55   Thumb Code   146  stm32f7xx_hal_uart.o(i.UART_WaitOnFlagUntilTimeout)
    __scatterload_copy                       0x08004ce7   Thumb Code    14  handlers.o(i.__scatterload_copy)
    __scatterload_null                       0x08004cf5   Thumb Code     2  handlers.o(i.__scatterload_null)
    __scatterload_zeroinit                   0x08004cf7   Thumb Code    14  handlers.o(i.__scatterload_zeroinit)
    clust2sect                               0x08004ded   Thumb Code    30  ff.o(i.clust2sect)
    disk_initialize                          0x0800519d   Thumb Code    34  diskio.o(i.disk_initialize)
    disk_read                                0x080051c5   Thumb Code    22  diskio.o(i.disk_read)
    disk_status                              0x080051e1   Thumb Code    16  diskio.o(i.disk_status)
    disk_write                               0x080051f5   Thumb Code    22  diskio.o(i.disk_write)
    f_forward                                0x08005211   Thumb Code   214  ff.o(i.f_forward)
    f_open                                   0x080052e9   Thumb Code   406  ff.o(i.f_open)
    ft5336_Init                              0x080057a1   Thumb Code    16  ft5336.o(i.ft5336_Init)
    ft5336_ReadID                            0x080057b1   Thumb Code    58  ft5336.o(i.ft5336_ReadID)
    ft5336_Reset                             0x080057eb   Thumb Code     2  ft5336.o(i.ft5336_Reset)
    ft5336_TS_ClearIT                        0x080057ed   Thumb Code     2  ft5336.o(i.ft5336_TS_ClearIT)
    ft5336_TS_DetectTouch                    0x080057f1   Thumb Code    60  ft5336.o(i.ft5336_TS_DetectTouch)
    ft5336_TS_DisableIT                      0x08005831   Thumb Code    10  ft5336.o(i.ft5336_TS_DisableIT)
    ft5336_TS_EnableIT                       0x0800583b   Thumb Code    10  ft5336.o(i.ft5336_TS_EnableIT)
    ft5336_TS_GetGestureID                   0x08005845   Thumb Code    30  ft5336.o(i.ft5336_TS_GetGestureID)
    ft5336_TS_GetTouchInfo                   0x08005865   Thumb Code   200  ft5336.o(i.ft5336_TS_GetTouchInfo)
    ft5336_TS_GetXY                          0x08005931   Thumb Code   282  ft5336.o(i.ft5336_TS_GetXY)
    ft5336_TS_ITStatus                       0x08005a51   Thumb Code     4  ft5336.o(i.ft5336_TS_ITStatus)
    ft5336_TS_Start                          0x08005a55   Thumb Code     4  ft5336.o(i.ft5336_TS_Start)
    get_fat                                  0x08005a59   Thumb Code   194  ff.o(i.get_fat)
    get_fattime                              0x08005b1b   Thumb Code     4  fatfs.o(i.get_fattime)
    main                                     0x08005c09   Thumb Code   270  main.o(i.main)
    put_fat                                  0x08005d97   Thumb Code   248  ff.o(i.put_fat)
    APBAHBPrescTable                         0x08005f96   Data          16  stm32f7xx_hal_rcc.o(.constdata)
    SD_Driver                                0x08005fb0   Data          20  sd_diskio.o(.constdata)
    Font24_Table                             0x08006070   Data        6840  stm32746g_discovery_lcd.o(.constdata)
    Region$$Table$$Base                      0x08007b28   Number         0  anon$$obj.o(Region$$Table)
    Region$$Table$$Limit                     0x08007b48   Number         0  anon$$obj.o(Region$$Table)
    SystemCoreClock                          0x20000000   Data           4  system_stm32f7xx.o(.data)
    Posicion                                 0x20000014   Data           4  stm32f7xx_it.o(.data)
    retSD                                    0x20000018   Data           1  fatfs.o(.data)
    SD_Path                                  0x20000019   Data           4  fatfs.o(.data)
    Font24                                   0x2000002c   Data           8  stm32746g_discovery_lcd.o(.data)
    ft5336_ts_drv                            0x20000044   Data          40  ft5336.o(.data)
    disk                                     0x2000008c   Data          12  ff_gen_drv.o(.bss)
    hdma2d                                   0x20000098   Data          64  main.o(.bss)
    hi2c3                                    0x200000d8   Data          60  main.o(.bss)
    hltdc                                    0x20000114   Data         168  main.o(.bss)
    hsd1                                     0x200001bc   Data          96  main.o(.bss)
    SDCardInfo1                              0x20000220   Data          88  main.o(.bss)
    hspi2                                    0x20000278   Data         100  main.o(.bss)
    huart3                                   0x200002dc   Data         112  main.o(.bss)
    hsdram1                                  0x2000034c   Data          52  main.o(.bss)
    myFile                                   0x20000380   Data          44  main.o(.bss)
    __initial_sp                             0x200306e0   Data           0  startup_stm32f746xx.o(STACK)



==============================================================================

Memory Map of the image

  Image Entry point : 0x080001c9

  Load Region LR_IROM1 (Base: 0x08000000, Size: 0x00007bbc, Max: 0x00100000, ABSOLUTE)

    Execution Region ER_IROM1 (Base: 0x08000000, Size: 0x00007b48, Max: 0x00100000, ABSOLUTE)

    Base Addr    Size         Type   Attr      Idx    E Section Name        Object

    0x08000000   0x000001c8   Data   RO            3    RESET               startup_stm32f746xx.o
    0x080001c8   0x00000000   Code   RO         4887  * .ARM.Collect$$$$00000000  mc_w.l(entry.o)
    0x080001c8   0x00000004   Code   RO         4896    .ARM.Collect$$$$00000001  mc_w.l(entry2.o)
    0x080001cc   0x00000004   Code   RO         4899    .ARM.Collect$$$$00000004  mc_w.l(entry5.o)
    0x080001d0   0x00000000   Code   RO         4901    .ARM.Collect$$$$00000008  mc_w.l(entry7b.o)
    0x080001d0   0x00000000   Code   RO         4903    .ARM.Collect$$$$0000000A  mc_w.l(entry8b.o)
    0x080001d0   0x00000008   Code   RO         4904    .ARM.Collect$$$$0000000B  mc_w.l(entry9a.o)
    0x080001d8   0x00000000   Code   RO         4906    .ARM.Collect$$$$0000000D  mc_w.l(entry10a.o)
    0x080001d8   0x00000000   Code   RO         4908    .ARM.Collect$$$$0000000F  mc_w.l(entry11a.o)
    0x080001d8   0x00000004   Code   RO         4897    .ARM.Collect$$$$00002712  mc_w.l(entry2.o)
    0x080001dc   0x00000024   Code   RO            4    .text               startup_stm32f746xx.o
    0x08000200   0x00000024   Code   RO         4890    .text               mc_w.l(memcpya.o)
    0x08000224   0x00000024   Code   RO         4910    .text               mc_w.l(init.o)
    0x08000248   0x00000038   Code   RO         4303    i.BSP_LCD_Clear     stm32746g_discovery_lcd.o
    0x08000280   0x00000020   Code   RO         4305    i.BSP_LCD_ClockConfig  stm32746g_discovery_lcd.o
    0x080002a0   0x00000118   Code   RO         4313    i.BSP_LCD_DrawCircle  stm32746g_discovery_lcd.o
    0x080003b8   0x0000007c   Code   RO         4315    i.BSP_LCD_DrawHLine  stm32746g_discovery_lcd.o
    0x08000434   0x00000064   Code   RO         4317    i.BSP_LCD_DrawPixel  stm32746g_discovery_lcd.o
    0x08000498   0x000000c4   Code   RO         4321    i.BSP_LCD_FillCircle  stm32746g_discovery_lcd.o
    0x0800055c   0x00000020   Code   RO         4328    i.BSP_LCD_GetXSize  stm32746g_discovery_lcd.o
    0x0800057c   0x00000020   Code   RO         4329    i.BSP_LCD_GetYSize  stm32746g_discovery_lcd.o
    0x0800059c   0x000000a4   Code   RO         4330    i.BSP_LCD_Init      stm32746g_discovery_lcd.o
    0x08000640   0x00000078   Code   RO         4331    i.BSP_LCD_LayerDefaultInit  stm32746g_discovery_lcd.o
    0x080006b8   0x00000138   Code   RO         4334    i.BSP_LCD_MspInit   stm32746g_discovery_lcd.o
    0x080007f0   0x0000000c   Code   RO         4337    i.BSP_LCD_SelectLayer  stm32746g_discovery_lcd.o
    0x080007fc   0x0000001c   Code   RO         4340    i.BSP_LCD_SetFont   stm32746g_discovery_lcd.o
    0x08000818   0x00000018   Code   RO         4344    i.BSP_LCD_SetTextColor  stm32746g_discovery_lcd.o
    0x08000830   0x00000078   Code   RO         4643    i.BSP_SDRAM_Init    stm32746g_discovery_sdram.o
    0x080008a8   0x0000008c   Code   RO         4644    i.BSP_SDRAM_Initialization_sequence  stm32746g_discovery_sdram.o
    0x08000934   0x00000164   Code   RO         4646    i.BSP_SDRAM_MspInit  stm32746g_discovery_sdram.o
    0x08000a98   0x0000000c   Code   RO         3950    i.BSP_SD_GetCardInfo  bsp_driver_sd.o
    0x08000aa4   0x0000000c   Code   RO         3951    i.BSP_SD_GetStatus  bsp_driver_sd.o
    0x08000ab0   0x00000028   Code   RO         3954    i.BSP_SD_Init       bsp_driver_sd.o
    0x08000ad8   0x00000020   Code   RO         3956    i.BSP_SD_ReadBlocks  bsp_driver_sd.o
    0x08000af8   0x00000020   Code   RO         3958    i.BSP_SD_WriteBlocks  bsp_driver_sd.o
    0x08000b18   0x00000170   Code   RO         4729    i.BSP_TS_GetState   stm32746g_discovery_ts.o
    0x08000c88   0x0000005c   Code   RO         4730    i.BSP_TS_Get_GestureId  stm32746g_discovery_ts.o
    0x08000ce4   0x00000048   Code   RO         4732    i.BSP_TS_ITConfig   stm32746g_discovery_ts.o
    0x08000d2c   0x0000003c   Code   RO         4734    i.BSP_TS_Init       stm32746g_discovery_ts.o
    0x08000d68   0x0000008c   Code   RO         1895    i.DMA2D_SetConfig   stm32f7xx_hal_dma2d.o
    0x08000df4   0x00000028   Code   RO          822    i.DMA_CalcBaseAndBitshift  stm32f7xx_hal_dma.o
    0x08000e1c   0x00000016   Code   RO         3642    i.EXTI15_10_IRQHandler  stm32f7xx_it.o
    0x08000e32   0x00000006   Code   RO         3592    i.FATFS_LinkDriver  ff_gen_drv.o
    0x08000e38   0x00000040   Code   RO         3593    i.FATFS_LinkDriverEx  ff_gen_drv.o
    0x08000e78   0x0000005e   Code   RO         2967    i.FMC_SDRAM_Init    stm32f7xx_ll_fmc.o
    0x08000ed6   0x0000000c   Code   RO         2968    i.FMC_SDRAM_ProgramRefreshRate  stm32f7xx_ll_fmc.o
    0x08000ee2   0x00000048   Code   RO         2969    i.FMC_SDRAM_SendCommand  stm32f7xx_ll_fmc.o
    0x08000f2a   0x00000082   Code   RO         2971    i.FMC_SDRAM_Timing_Init  stm32f7xx_ll_fmc.o
    0x08000fac   0x000000e0   Code   RO         1900    i.HAL_DMA2D_ConfigLayer  stm32f7xx_hal_dma2d.o
    0x0800108c   0x0000005a   Code   RO         1907    i.HAL_DMA2D_Init    stm32f7xx_hal_dma2d.o
    0x080010e6   0x00000002   PAD
    0x080010e8   0x00000028   Code   RO         3831    i.HAL_DMA2D_MspInit  stm32f7xx_hal_msp.o
    0x08001110   0x000000dc   Code   RO         1910    i.HAL_DMA2D_PollForTransfer  stm32f7xx_hal_dma2d.o
    0x080011ec   0x0000003e   Code   RO         1913    i.HAL_DMA2D_Start   stm32f7xx_hal_dma2d.o
    0x0800122a   0x00000056   Code   RO          825    i.HAL_DMA_DeInit    stm32f7xx_hal_dma.o
    0x08001280   0x0000008c   Code   RO          829    i.HAL_DMA_Init      stm32f7xx_hal_dma.o
    0x0800130c   0x00000016   Code   RO         1048    i.HAL_Delay         stm32f7xx_hal.o
    0x08001322   0x00000002   PAD
    0x08001324   0x000000d0   Code   RO         3832    i.HAL_FMC_MspInit   stm32f7xx_hal_msp.o
    0x080013f4   0x00000154   Code   RO          756    i.HAL_GPIO_DeInit   stm32f7xx_hal_gpio.o
    0x08001548   0x00000044   Code   RO         3643    i.HAL_GPIO_EXTI_Callback  stm32f7xx_it.o
    0x0800158c   0x00000018   Code   RO          758    i.HAL_GPIO_EXTI_IRQHandler  stm32f7xx_hal_gpio.o
    0x080015a4   0x000001d8   Code   RO          759    i.HAL_GPIO_Init     stm32f7xx_hal_gpio.o
    0x0800177c   0x0000000a   Code   RO          763    i.HAL_GPIO_WritePin  stm32f7xx_hal_gpio.o
    0x08001786   0x00000002   PAD
    0x08001788   0x0000000c   Code   RO         1056    i.HAL_GetTick       stm32f7xx_hal.o
    0x08001794   0x00000076   Code   RO         2038    i.HAL_I2CEx_ConfigAnalogFilter  stm32f7xx_hal_i2c_ex.o
    0x0800180a   0x0000002e   Code   RO         1578    i.HAL_I2C_DeInit    stm32f7xx_hal_i2c.o
    0x08001838   0x00000006   Code   RO         1583    i.HAL_I2C_GetState  stm32f7xx_hal_i2c.o
    0x0800183e   0x00000002   PAD
    0x08001840   0x000000ac   Code   RO         1584    i.HAL_I2C_Init      stm32f7xx_hal_i2c.o
    0x080018ec   0x00000110   Code   RO         1596    i.HAL_I2C_Mem_Read  stm32f7xx_hal_i2c.o
    0x080019fc   0x00000110   Code   RO         1599    i.HAL_I2C_Mem_Write  stm32f7xx_hal_i2c.o
    0x08001b0c   0x0000002c   Code   RO         3833    i.HAL_I2C_MspDeInit  stm32f7xx_hal_msp.o
    0x08001b38   0x00000048   Code   RO         3834    i.HAL_I2C_MspInit   stm32f7xx_hal_msp.o
    0x08001b80   0x00000010   Code   RO         1057    i.HAL_IncTick       stm32f7xx_hal.o
    0x08001b90   0x00000024   Code   RO         1058    i.HAL_Init          stm32f7xx_hal.o
    0x08001bb4   0x00000022   Code   RO         1059    i.HAL_InitTick      stm32f7xx_hal.o
    0x08001bd6   0x00000052   Code   RO         2070    i.HAL_LTDC_ConfigLayer  stm32f7xx_hal_ltdc.o
    0x08001c28   0x00000006   Code   RO         2080    i.HAL_LTDC_GetState  stm32f7xx_hal_ltdc.o
    0x08001c2e   0x00000002   PAD
    0x08001c30   0x00000100   Code   RO         2082    i.HAL_LTDC_Init     stm32f7xx_hal_ltdc.o
    0x08001d30   0x0000014c   Code   RO         3836    i.HAL_LTDC_MspInit  stm32f7xx_hal_msp.o
    0x08001e7c   0x00000026   Code   RO         3837    i.HAL_MspInit       stm32f7xx_hal_msp.o
    0x08001ea2   0x00000016   Code   RO         1202    i.HAL_NVIC_EnableIRQ  stm32f7xx_hal_cortex.o
    0x08001eb8   0x00000040   Code   RO         1208    i.HAL_NVIC_SetPriority  stm32f7xx_hal_cortex.o
    0x08001ef8   0x00000024   Code   RO         1209    i.HAL_NVIC_SetPriorityGrouping  stm32f7xx_hal_cortex.o
    0x08001f1c   0x0000006c   Code   RO         1492    i.HAL_PWREx_EnableOverDrive  stm32f7xx_hal_pwr_ex.o
    0x08001f88   0x000006b0   Code   RO          561    i.HAL_RCCEx_PeriphCLKConfig  stm32f7xx_hal_rcc_ex.o
    0x08002638   0x000001cc   Code   RO          199    i.HAL_RCC_ClockConfig  stm32f7xx_hal_rcc.o
    0x08002804   0x00000034   Code   RO          204    i.HAL_RCC_GetHCLKFreq  stm32f7xx_hal_rcc.o
    0x08002838   0x0000002c   Code   RO          206    i.HAL_RCC_GetPCLK1Freq  stm32f7xx_hal_rcc.o
    0x08002864   0x0000002c   Code   RO          207    i.HAL_RCC_GetPCLK2Freq  stm32f7xx_hal_rcc.o
    0x08002890   0x00000084   Code   RO          208    i.HAL_RCC_GetSysClockFreq  stm32f7xx_hal_rcc.o
    0x08002914   0x0000039c   Code   RO          211    i.HAL_RCC_OscConfig  stm32f7xx_hal_rcc.o
    0x08002cb0   0x00000042   Code   RO         2802    i.HAL_SDRAM_Init    stm32f7xx_hal_sdram.o
    0x08002cf2   0x00000004   Code   RO         3839    i.HAL_SDRAM_MspInit  stm32f7xx_hal_msp.o
    0x08002cf6   0x00000022   Code   RO         2805    i.HAL_SDRAM_ProgramRefreshRate  stm32f7xx_hal_sdram.o
    0x08002d18   0x00000030   Code   RO         2811    i.HAL_SDRAM_SendCommand  stm32f7xx_hal_sdram.o
    0x08002d48   0x0000004e   Code   RO          330    i.HAL_SD_GetStatus  stm32f7xx_hal_sd.o
    0x08002d96   0x00000002   PAD
    0x08002d98   0x000002ba   Code   RO          331    i.HAL_SD_Get_CardInfo  stm32f7xx_hal_sd.o
    0x08003052   0x0000009c   Code   RO          334    i.HAL_SD_Init       stm32f7xx_hal_sd.o
    0x080030ee   0x00000002   PAD
    0x080030f0   0x00000064   Code   RO         3841    i.HAL_SD_MspInit    stm32f7xx_hal_msp.o
    0x08003154   0x00000170   Code   RO          337    i.HAL_SD_ReadBlocks  stm32f7xx_hal_sd.o
    0x080032c4   0x0000002a   Code   RO          340    i.HAL_SD_StopTransfer  stm32f7xx_hal_sd.o
    0x080032ee   0x00000002   PAD
    0x080032f0   0x000001c6   Code   RO          342    i.HAL_SD_WriteBlocks  stm32f7xx_hal_sd.o
    0x080034b6   0x000000c8   Code   RO         2243    i.HAL_SPI_Init      stm32f7xx_hal_spi.o
    0x0800357e   0x00000002   PAD
    0x08003580   0x00000064   Code   RO         3843    i.HAL_SPI_MspInit   stm32f7xx_hal_msp.o
    0x080035e4   0x00000018   Code   RO         1211    i.HAL_SYSTICK_CLKSourceConfig  stm32f7xx_hal_cortex.o
    0x080035fc   0x00000002   Code   RO         1212    i.HAL_SYSTICK_Callback  stm32f7xx_hal_cortex.o
    0x080035fe   0x00000026   Code   RO         1213    i.HAL_SYSTICK_Config  stm32f7xx_hal_cortex.o
    0x08003624   0x00000008   Code   RO         1214    i.HAL_SYSTICK_IRQHandler  stm32f7xx_hal_cortex.o
    0x0800362c   0x0000006a   Code   RO         2556    i.HAL_UART_Init     stm32f7xx_hal_uart.o
    0x08003696   0x00000002   PAD
    0x08003698   0x00000058   Code   RO         3845    i.HAL_UART_MspInit  stm32f7xx_hal_msp.o
    0x080036f0   0x00000080   Code   RO         1619    i.I2C_IsAcknowledgeFailed  stm32f7xx_hal_i2c.o
    0x08003770   0x00000066   Code   RO         1622    i.I2C_RequestMemoryRead  stm32f7xx_hal_i2c.o
    0x080037d6   0x00000066   Code   RO         1623    i.I2C_RequestMemoryWrite  stm32f7xx_hal_i2c.o
    0x0800383c   0x00000024   Code   RO         1626    i.I2C_TransferConfig  stm32f7xx_hal_i2c.o
    0x08003860   0x0000006e   Code   RO         1627    i.I2C_WaitOnFlagUntilTimeout  stm32f7xx_hal_i2c.o
    0x080038ce   0x0000004e   Code   RO         1629    i.I2C_WaitOnSTOPFlagUntilTimeout  stm32f7xx_hal_i2c.o
    0x0800391c   0x00000052   Code   RO         1630    i.I2C_WaitOnTXISFlagUntilTimeout  stm32f7xx_hal_i2c.o
    0x0800396e   0x00000012   Code   RO         4111    i.I2Cx_Error        stm32746g_discovery.o
    0x08003980   0x00000050   Code   RO         4112    i.I2Cx_Init         stm32746g_discovery.o
    0x080039d0   0x00000124   Code   RO         4113    i.I2Cx_MspInit      stm32746g_discovery.o
    0x08003af4   0x0000002a   Code   RO         4114    i.I2Cx_ReadMultiple  stm32746g_discovery.o
    0x08003b1e   0x0000002a   Code   RO         4115    i.I2Cx_WriteMultiple  stm32746g_discovery.o
    0x08003b48   0x00000080   Code   RO         4351    i.LL_FillBuffer     stm32746g_discovery_lcd.o
    0x08003bc8   0x000001d0   Code   RO         2092    i.LTDC_SetConfig    stm32f7xx_hal_ltdc.o
    0x08003d98   0x0000001c   Code   RO         3717    i.MX_FATFS_Init     fatfs.o
    0x08003db4   0x00000048   Code   RO         3757    i.MX_FMC_Init       main.o
    0x08003dfc   0x000000bc   Code   RO         3758    i.MX_GPIO_Init      main.o
    0x08003eb8   0x0000003c   Code   RO         3759    i.MX_I2C3_Init      main.o
    0x08003ef4   0x000000b4   Code   RO         3760    i.MX_LTDC_Init      main.o
    0x08003fa8   0x00000040   Code   RO         3761    i.MX_SPI2_Init      main.o
    0x08003fe8   0x00000034   Code   RO         3762    i.MX_USART3_UART_Init  main.o
    0x0800401c   0x00000022   Code   RO         1215    i.NVIC_SetPriority  stm32f7xx_hal_cortex.o
    0x0800403e   0x0000000e   Code   RO         4053    i.ProcesarImagen    imagenes.o
    0x0800404c   0x00000002   Code   RO         3644    i.RCC_IRQHandler    stm32f7xx_it.o
    0x0800404e   0x00000026   Code   RO         1322    i.SDMMC_DataConfig  stm32f7xx_ll_sdmmc.o
    0x08004074   0x00000006   Code   RO         1323    i.SDMMC_GetCommandResponse  stm32f7xx_ll_sdmmc.o
    0x0800407a   0x00000008   Code   RO         1326    i.SDMMC_GetPowerState  stm32f7xx_ll_sdmmc.o
    0x08004082   0x0000000c   Code   RO         1327    i.SDMMC_GetResponse  stm32f7xx_ll_sdmmc.o
    0x0800408e   0x00000022   Code   RO         1328    i.SDMMC_Init        stm32f7xx_ll_sdmmc.o
    0x080040b0   0x00000008   Code   RO         1330    i.SDMMC_PowerState_ON  stm32f7xx_ll_sdmmc.o
    0x080040b8   0x00000006   Code   RO         1331    i.SDMMC_ReadFIFO    stm32f7xx_ll_sdmmc.o
    0x080040be   0x00000022   Code   RO         1332    i.SDMMC_SendCommand  stm32f7xx_ll_sdmmc.o
    0x080040e0   0x0000000a   Code   RO         1334    i.SDMMC_WriteFIFO   stm32f7xx_ll_sdmmc.o
    0x080040ea   0x00000002   PAD
    0x080040ec   0x000000ec   Code   RO          346    i.SD_CmdResp1Error  stm32f7xx_hal_sd.o
    0x080041d8   0x0000002c   Code   RO          347    i.SD_CmdResp2Error  stm32f7xx_hal_sd.o
    0x08004204   0x00000074   Code   RO          348    i.SD_CmdResp6Error  stm32f7xx_hal_sd.o
    0x08004278   0x00000040   Code   RO          349    i.SD_CmdResp7Error  stm32f7xx_hal_sd.o
    0x080042b8   0x000000f4   Code   RO          355    i.SD_Initialize_Cards  stm32f7xx_hal_sd.o
    0x080043ac   0x00000140   Code   RO          356    i.SD_IsCardProgramming  stm32f7xx_hal_sd.o
    0x080044ec   0x00000180   Code   RO          357    i.SD_PowerON        stm32f7xx_hal_sd.o
    0x0800466c   0x00000020   Code   RO         3102    i.SD_initialize     sd_diskio.o
    0x0800468c   0x00000054   Code   RO         3103    i.SD_ioctl          sd_diskio.o
    0x080046e0   0x0000001e   Code   RO         3104    i.SD_read           sd_diskio.o
    0x080046fe   0x00000002   PAD
    0x08004700   0x00000020   Code   RO         3105    i.SD_status         sd_diskio.o
    0x08004720   0x0000001e   Code   RO         3106    i.SD_write          sd_diskio.o
    0x0800473e   0x00000002   PAD
    0x08004740   0x0000003c   Code   RO         4054    i.SamplingImagen    imagenes.o
    0x0800477c   0x0000000e   Code   RO         3645    i.SysTick_Handler   stm32f7xx_it.o
    0x0800478a   0x00000002   PAD
    0x0800478c   0x000000bc   Code   RO         3763    i.SystemClock_Config  main.o
    0x08004848   0x00000054   Code   RO           14    i.SystemInit        system_stm32f7xx.o
    0x0800489c   0x00000004   Code   RO         4116    i.TS_IO_Delay       stm32746g_discovery.o
    0x080048a0   0x0000000c   Code   RO         4117    i.TS_IO_Init        stm32746g_discovery.o
    0x080048ac   0x00000028   Code   RO         4118    i.TS_IO_Read        stm32746g_discovery.o
    0x080048d4   0x00000020   Code   RO         4119    i.TS_IO_Write       stm32746g_discovery.o
    0x080048f4   0x000000c8   Code   RO         2569    i.UART_AdvFeatureConfig  stm32f7xx_hal_uart.o
    0x080049bc   0x0000004e   Code   RO         2570    i.UART_CheckIdleState  stm32f7xx_hal_uart.o
    0x08004a0a   0x00000002   PAD
    0x08004a0c   0x00000248   Code   RO         2577    i.UART_SetConfig    stm32f7xx_hal_uart.o
    0x08004c54   0x00000092   Code   RO         2579    i.UART_WaitOnFlagUntilTimeout  stm32f7xx_hal_uart.o
    0x08004ce6   0x0000000e   Code   RO         4914    i.__scatterload_copy  mc_w.l(handlers.o)
    0x08004cf4   0x00000002   Code   RO         4915    i.__scatterload_null  mc_w.l(handlers.o)
    0x08004cf6   0x0000000e   Code   RO         4916    i.__scatterload_zeroinit  mc_w.l(handlers.o)
    0x08004d04   0x00000060   Code   RO         3265    i.check_fs          ff.o
    0x08004d64   0x00000064   Code   RO         3266    i.chk_lock          ff.o
    0x08004dc8   0x00000024   Code   RO         3267    i.clear_lock        ff.o
    0x08004dec   0x0000001e   Code   RO         3269    i.clust2sect        ff.o
    0x08004e0a   0x000000b2   Code   RO         3270    i.create_chain      ff.o
    0x08004ebc   0x000000fc   Code   RO         3271    i.create_name       ff.o
    0x08004fb8   0x000000f4   Code   RO         3273    i.dir_next          ff.o
    0x080050ac   0x00000066   Code   RO         3275    i.dir_register      ff.o
    0x08005112   0x00000002   PAD
    0x08005114   0x00000088   Code   RO         3277    i.dir_sdi           ff.o
    0x0800519c   0x00000028   Code   RO         3179    i.disk_initialize   diskio.o
    0x080051c4   0x0000001c   Code   RO         3181    i.disk_read         diskio.o
    0x080051e0   0x00000014   Code   RO         3182    i.disk_status       diskio.o
    0x080051f4   0x0000001c   Code   RO         3183    i.disk_write        diskio.o
    0x08005210   0x000000d6   Code   RO         3281    i.f_forward         ff.o
    0x080052e6   0x00000002   PAD
    0x080052e8   0x0000019c   Code   RO         3288    i.f_open            ff.o
    0x08005484   0x00000258   Code   RO         3302    i.find_volume       ff.o
    0x080056dc   0x000000aa   Code   RO         3303    i.follow_path       ff.o
    0x08005786   0x00000002   PAD
    0x08005788   0x00000018   Code   RO         4794    i.ft5336_I2C_InitializeIfRequired  ft5336.o
    0x080057a0   0x00000010   Code   RO         4795    i.ft5336_Init       ft5336.o
    0x080057b0   0x0000003a   Code   RO         4796    i.ft5336_ReadID     ft5336.o
    0x080057ea   0x00000002   Code   RO         4797    i.ft5336_Reset      ft5336.o
    0x080057ec   0x00000002   Code   RO         4798    i.ft5336_TS_ClearIT  ft5336.o
    0x080057ee   0x00000002   PAD
    0x080057f0   0x00000040   Code   RO         4799    i.ft5336_TS_DetectTouch  ft5336.o
    0x08005830   0x0000000a   Code   RO         4800    i.ft5336_TS_DisableIT  ft5336.o
    0x0800583a   0x0000000a   Code   RO         4801    i.ft5336_TS_EnableIT  ft5336.o
    0x08005844   0x0000001e   Code   RO         4802    i.ft5336_TS_GetGestureID  ft5336.o
    0x08005862   0x00000002   PAD
    0x08005864   0x000000cc   Code   RO         4803    i.ft5336_TS_GetTouchInfo  ft5336.o
    0x08005930   0x00000120   Code   RO         4804    i.ft5336_TS_GetXY   ft5336.o
    0x08005a50   0x00000004   Code   RO         4805    i.ft5336_TS_ITStatus  ft5336.o
    0x08005a54   0x00000004   Code   RO         4806    i.ft5336_TS_Start   ft5336.o
    0x08005a58   0x000000c2   Code   RO         3304    i.get_fat           ff.o
    0x08005b1a   0x00000004   Code   RO         3718    i.get_fattime       fatfs.o
    0x08005b1e   0x0000003c   Code   RO         3306    i.get_ldnumber      ff.o
    0x08005b5a   0x00000002   PAD
    0x08005b5c   0x00000098   Code   RO         3307    i.inc_lock          ff.o
    0x08005bf4   0x00000012   Code   RO         3308    i.ld_clust          ff.o
    0x08005c06   0x00000002   PAD
    0x08005c08   0x00000138   Code   RO         3764    i.main              main.o
    0x08005d40   0x00000012   Code   RO         3309    i.mem_cpy           ff.o
    0x08005d52   0x0000000e   Code   RO         3310    i.mem_set           ff.o
    0x08005d60   0x00000036   Code   RO         3311    i.move_window       ff.o
    0x08005d96   0x000000f8   Code   RO         3312    i.put_fat           ff.o
    0x08005e8e   0x0000006e   Code   RO         3314    i.remove_chain      ff.o
    0x08005efc   0x00000012   Code   RO         3315    i.st_clust          ff.o
    0x08005f0e   0x00000060   Code   RO         3317    i.sync_window       ff.o
    0x08005f6e   0x00000028   Code   RO         3318    i.validate          ff.o
    0x08005f96   0x00000010   Data   RO          212    .constdata          stm32f7xx_hal_rcc.o
    0x08005fa6   0x00000008   Data   RO          833    .constdata          stm32f7xx_hal_dma.o
    0x08005fae   0x00000002   PAD
    0x08005fb0   0x00000014   Data   RO         3107    .constdata          sd_diskio.o
    0x08005fc4   0x000000ac   Data   RO         3320    .constdata          ff.o
    0x08006070   0x00001ab8   Data   RO         4353    .constdata          stm32746g_discovery_lcd.o
    0x08007b28   0x00000020   Data   RO         4912    Region$$Table       anon$$obj.o


    Execution Region RW_IRAM1 (Base: 0x20000000, Size: 0x000306e0, Max: 0x00050000, ABSOLUTE)

    Base Addr    Size         Type   Attr      Idx    E Section Name        Object

    0x20000000   0x00000004   Data   RW           16    .data               system_stm32f7xx.o
    0x20000004   0x00000004   Data   RW         1064    .data               stm32f7xx_hal.o
    0x20000008   0x00000001   Data   RW         3108    .data               sd_diskio.o
    0x20000009   0x00000003   PAD
    0x2000000c   0x00000008   Data   RW         3321    .data               ff.o
    0x20000014   0x00000004   Data   RW         3646    .data               stm32f7xx_it.o
    0x20000018   0x00000005   Data   RW         3719    .data               fatfs.o
    0x2000001d   0x00000003   PAD
    0x20000020   0x00000008   Data   RW         3846    .data               stm32f7xx_hal_msp.o
    0x20000028   0x0000000c   Data   RW         4358    .data               stm32746g_discovery_lcd.o
    0x20000034   0x00000002   Data   RW         4653    .data               stm32746g_discovery_sdram.o
    0x20000036   0x00000002   PAD
    0x20000038   0x0000000c   Data   RW         4737    .data               stm32746g_discovery_ts.o
    0x20000044   0x00000028   Data   RW         4807    .data               ft5336.o
    0x2000006c   0x00000005   Data   RW         4808    .data               ft5336.o
    0x20000071   0x00000003   PAD
    0x20000074   0x00000018   Zero   RW         3319    .bss                ff.o
    0x2000008c   0x0000000c   Zero   RW         3596    .bss                ff_gen_drv.o
    0x20000098   0x000002e8   Zero   RW         3765    .bss                main.o
    0x20000380   0x0000002c   Zero   RW         3766    .bss                main.o
    0x200003ac   0x00000078   Zero   RW         4120    .bss                stm32746g_discovery.o
    0x20000424   0x00000184   Zero   RW         4352    .bss                stm32746g_discovery_lcd.o
    0x200005a8   0x00000110   Zero   RW         4652    .bss                stm32746g_discovery_sdram.o
    0x200006b8   0x00000028   Zero   RW         4736    .bss                stm32746g_discovery_ts.o
    0x200006e0   0x00030000   Zero   RW            1    STACK               startup_stm32f746xx.o


==============================================================================

Image component sizes


      Code (inc. data)   RO Data    RW Data    ZI Data      Debug   Object Name

       128         30          0          0          0       3284   bsp_driver_sd.o
       116         22          0          0          0       3080   diskio.o
        32         10          0          5          0       1438   fatfs.o
      3592         58        172          8         24      28795   ff.o
        70          4          0          0         12       1695   ff_gen_drv.o
       716         38          0         45          0      15991   ft5336.o
        74         10          0          0          0       1950   imagenes.o
      1116        110          0          0        788      37777   main.o
       208         16         20          1          0       9028   sd_diskio.o
        36          8        456          0     196608        840   startup_stm32f746xx.o
       562         60          0          0        120       7768   stm32746g_discovery.o
      1640        164       6840         12        388      17631   stm32746g_discovery_lcd.o
       616         54          0          2        272       4386   stm32746g_discovery_sdram.o
       592         36          0         12         40       4233   stm32746g_discovery_ts.o
       120         16          0          4          0       3778   stm32f7xx_hal.o
       228         12          0          0          0      37285   stm32f7xx_hal_cortex.o
       266         12          8          0          0       2712   stm32f7xx_hal_dma.o
       736          6          0          0          0       5123   stm32f7xx_hal_dma2d.o
       846        108          0          0          0       4221   stm32f7xx_hal_gpio.o
      1406         24          0          0          0      11682   stm32f7xx_hal_i2c.o
       118          0          0          0          0       1187   stm32f7xx_hal_i2c_ex.o
       808          4          0          0          0       3703   stm32f7xx_hal_ltdc.o
      1026        172          0          8          0       6861   stm32f7xx_hal_msp.o
       108          8          0          0          0       1280   stm32f7xx_hal_pwr_ex.o
      1656         62         16          0          0       6043   stm32f7xx_hal_rcc.o
      1712         16          0          0          0       2448   stm32f7xx_hal_rcc_ex.o
      3204         14          0          0          0      17862   stm32f7xx_hal_sd.o
       148          0          0          0          0       2744   stm32f7xx_hal_sdram.o
       200          0          0          0          0       1287   stm32f7xx_hal_spi.o
      1114         70          0          0          0       5109   stm32f7xx_hal_uart.o
       106          8          0          4          0       4989   stm32f7xx_it.o
       308          0          0          0          0       3564   stm32f7xx_ll_fmc.o
       156          0          0          0          0       6234   stm32f7xx_ll_sdmmc.o
        84         16          0          4          0     488501   system_stm32f7xx.o

    ----------------------------------------------------------------------
     23892       1168       7546        116     198252     754509   Object Totals
         0          0         32          0          0          0   (incl. Generated)
        44          0          2         11          0          0   (incl. Padding)

    ----------------------------------------------------------------------

      Code (inc. data)   RO Data    RW Data    ZI Data      Debug   Library Member Name

         0          0          0          0          0          0   entry.o
         0          0          0          0          0          0   entry10a.o
         0          0          0          0          0          0   entry11a.o
         8          4          0          0          0          0   entry2.o
         4          0          0          0          0          0   entry5.o
         0          0          0          0          0          0   entry7b.o
         0          0          0          0          0          0   entry8b.o
         8          4          0          0          0          0   entry9a.o
        30          0          0          0          0          0   handlers.o
        36          8          0          0          0         68   init.o
        36          0          0          0          0         68   memcpya.o

    ----------------------------------------------------------------------
       122         16          0          0          0        136   Library Totals
         0          0          0          0          0          0   (incl. Padding)

    ----------------------------------------------------------------------

      Code (inc. data)   RO Data    RW Data    ZI Data      Debug   Library Name

       122         16          0          0          0        136   mc_w.l

    ----------------------------------------------------------------------
       122         16          0          0          0        136   Library Totals

    ----------------------------------------------------------------------

==============================================================================


      Code (inc. data)   RO Data    RW Data    ZI Data      Debug   

     24014       1184       7546        116     198252     735949   Grand Totals
     24014       1184       7546        116     198252     735949   ELF Image Totals
     24014       1184       7546        116          0          0   ROM Totals

==============================================================================

    Total RO  Size (Code + RO Data)                31560 (  30.82kB)
    Total RW  Size (RW Data + ZI Data)            198368 ( 193.72kB)
    Total ROM Size (Code + RO Data + RW Data)      31676 (  30.93kB)

==============================================================================

